# Logfile created on 2026-06-03 12:15:19 +0200 by logger.rb/v1.4.3
2026-06-03 12:15:19 +0200: Memory Usage (430200K) : Starting running SG13G2 Klayout LVS runset on /home/designer/shared/hm-openpdk-library/libs.tech/gds/hm_IOPadInOut30mA_OpenDrain_PUPD.gds
2026-06-03 12:15:19 +0200: Memory Usage (430200K) : Ruby Version for klayout: 3.0.2
2026-06-03 12:15:19 +0200: Memory Usage (432760K) : Loading database to memory is complete.
2026-06-03 12:15:19 +0200: Memory Usage (432760K) : SG13G2 Klayout LVS runset output at: /home/designer/shared/hm-openpdk-library/libs.tech/gds/lvs_run_hm_IOPadInOut30mA_OpenDrain_PUPD_2026_06_03_12_15_18/hm_IOPadInOut30mA_OpenDrain_PUPD.lvsdb
2026-06-03 12:15:19 +0200: Memory Usage (432760K) : Evaluate switches.
2026-06-03 12:15:19 +0200: Memory Usage (432760K) : Extracted netlist with net names: true
2026-06-03 12:15:19 +0200: Memory Usage (432760K) : Extracted netlist with comments in details: false
2026-06-03 12:15:19 +0200: Memory Usage (432760K) : Selected NET_ONLY option: false
2026-06-03 12:15:19 +0200: Memory Usage (432760K) : Selected LAYOUT_NETLIST option: (none)
2026-06-03 12:15:19 +0200: Memory Usage (432760K) : Selected IGNORE_TOP_PORTS_MISMATCH option: true
2026-06-03 12:15:19 +0200: Memory Usage (432760K) : Selected IMPLICIT_NETS option: (none)
2026-06-03 12:15:19 +0200: Memory Usage (432760K) : Selected TOP_LVL_PINS option: false
2026-06-03 12:15:19 +0200: Memory Usage (432760K) : Selected COMBINE DEVICES option: true
2026-06-03 12:15:19 +0200: Memory Usage (432760K) : Selected PURGE option: false
2026-06-03 12:15:19 +0200: Memory Usage (432760K) : Selected PURGE_NETS option: false
2026-06-03 12:15:19 +0200: Memory Usage (432760K) : Selected SIMPLIFY option: true
2026-06-03 12:15:19 +0200: Memory Usage (432760K) : Selected SERIES_RES option: true
2026-06-03 12:15:19 +0200: Memory Usage (432760K) : Selected PARALLEL_RES option: true
2026-06-03 12:15:19 +0200: Memory Usage (432760K) : flat  mode is enabled.
2026-06-03 12:15:19 +0200: Memory Usage (433940K) : Netlist file: /home/designer/shared/hm-openpdk-library/libs.tech/xschem/simulations/hm_IOPadInOut30mA_OpenDrain_PUPD.spice
2026-06-03 12:15:19 +0200: Memory Usage (433940K) : LVS extracted netlist at: /home/designer/shared/hm-openpdk-library/libs.tech/gds/lvs_run_hm_IOPadInOut30mA_OpenDrain_PUPD_2026_06_03_12_15_18/hm_IOPadInOut30mA_OpenDrain_PUPD_extracted.cir
2026-06-03 12:15:19 +0200: Memory Usage (433940K) : Applying SRAM integration support.
2026-06-03 12:15:19 +0200: Memory Usage (433940K) : Starting SG13G2 LVS runset
2026-06-03 12:15:19 +0200: Memory Usage (433940K) : Read in polygons from layers.
2026-06-03 12:15:19 +0200: Memory Usage (434680K) : activ_drw has 105 polygons
2026-06-03 12:15:19 +0200: Memory Usage (434680K) : activ_filler has 0 polygons
2026-06-03 12:15:19 +0200: Memory Usage (434680K) : activ has 105 polygons
2026-06-03 12:15:19 +0200: Memory Usage (434680K) : activ_pin has 0 polygons
2026-06-03 12:15:19 +0200: Memory Usage (434680K) : activ_mask has 0 polygons
2026-06-03 12:15:19 +0200: Memory Usage (434680K) : activ_nofill has 0 polygons
2026-06-03 12:15:19 +0200: Memory Usage (434680K) : activ_OPC has 0 polygons
2026-06-03 12:15:19 +0200: Memory Usage (434680K) : activ_iOPC has 0 polygons
2026-06-03 12:15:19 +0200: Memory Usage (434808K) : activ_noqrc has 0 polygons
2026-06-03 12:15:19 +0200: Memory Usage (434936K) : biwind_drw has 0 polygons
2026-06-03 12:15:19 +0200: Memory Usage (435064K) : biwind_OPC has 0 polygons
2026-06-03 12:15:19 +0200: Memory Usage (435192K) : gatpoly_drw has 81 polygons
2026-06-03 12:15:19 +0200: Memory Usage (435320K) : gatpoly_filler has 0 polygons
2026-06-03 12:15:19 +0200: Memory Usage (435448K) : gatpoly has 81 polygons
2026-06-03 12:15:19 +0200: Memory Usage (435576K) : gatpoly_pin has 0 polygons
2026-06-03 12:15:19 +0200: Memory Usage (435704K) : gatpoly_nofill has 0 polygons
2026-06-03 12:15:19 +0200: Memory Usage (435832K) : gatpoly_OPC has 0 polygons
2026-06-03 12:15:19 +0200: Memory Usage (435960K) : gatpoly_iOPC has 0 polygons
2026-06-03 12:15:19 +0200: Memory Usage (436088K) : gatpoly_noqrc has 0 polygons
2026-06-03 12:15:19 +0200: Memory Usage (441248K) : cont_drw has 47703 polygons
2026-06-03 12:15:19 +0200: Memory Usage (441248K) : cont_OPC has 0 polygons
2026-06-03 12:15:19 +0200: Memory Usage (441248K) : nsd_drw has 0 polygons
2026-06-03 12:15:19 +0200: Memory Usage (441248K) : nsd_block has 0 polygons
2026-06-03 12:15:19 +0200: Memory Usage (441248K) : metal1_drw has 144 polygons
2026-06-03 12:15:19 +0200: Memory Usage (441248K) : metal1_filler has 0 polygons
2026-06-03 12:15:19 +0200: Memory Usage (441248K) : metal1_slit has 0 polygons
2026-06-03 12:15:19 +0200: Memory Usage (441248K) : metal1 has 144 polygons
2026-06-03 12:15:19 +0200: Memory Usage (441504K) : metal1_pin has 77 polygons
2026-06-03 12:15:19 +0200: Memory Usage (441504K) : metal1_mask has 0 polygons
2026-06-03 12:15:19 +0200: Memory Usage (441504K) : metal1_nofill has 0 polygons
2026-06-03 12:15:19 +0200: Memory Usage (441692K) : metal1_text has 91 polygons
2026-06-03 12:15:19 +0200: Memory Usage (441692K) : metal1_OPC has 0 polygons
2026-06-03 12:15:19 +0200: Memory Usage (441820K) : metal1_noqrc has 0 polygons
2026-06-03 12:15:19 +0200: Memory Usage (441948K) : metal1_res has 0 polygons
2026-06-03 12:15:19 +0200: Memory Usage (442076K) : metal1_iprobe has 0 polygons
2026-06-03 12:15:19 +0200: Memory Usage (442204K) : metal1_diffprb has 0 polygons
2026-06-03 12:15:19 +0200: Memory Usage (442332K) : passiv_drw has 0 polygons
2026-06-03 12:15:19 +0200: Memory Usage (442460K) : passiv_pin has 0 polygons
2026-06-03 12:15:19 +0200: Memory Usage (442588K) : passiv_sbump has 0 polygons
2026-06-03 12:15:19 +0200: Memory Usage (442716K) : passiv_pillar has 0 polygons
2026-06-03 12:15:19 +0200: Memory Usage (442844K) : passiv_pdl has 0 polygons
2026-06-03 12:15:19 +0200: Memory Usage (442972K) : metal2_drw has 59 polygons
2026-06-03 12:15:19 +0200: Memory Usage (443100K) : metal2_filler has 0 polygons
2026-06-03 12:15:19 +0200: Memory Usage (443228K) : metal2_slit has 0 polygons
2026-06-03 12:15:19 +0200: Memory Usage (443356K) : metal2 has 59 polygons
2026-06-03 12:15:19 +0200: Memory Usage (443484K) : metal2_pin has 33 polygons
2026-06-03 12:15:19 +0200: Memory Usage (443612K) : metal2_mask has 0 polygons
2026-06-03 12:15:19 +0200: Memory Usage (443740K) : metal2_nofill has 0 polygons
2026-06-03 12:15:19 +0200: Memory Usage (443740K) : metal2_text has 39 polygons
2026-06-03 12:15:19 +0200: Memory Usage (443868K) : metal2_OPC has 0 polygons
2026-06-03 12:15:19 +0200: Memory Usage (443996K) : metal2_noqrc has 0 polygons
2026-06-03 12:15:19 +0200: Memory Usage (444124K) : metal2_res has 0 polygons
2026-06-03 12:15:19 +0200: Memory Usage (444252K) : metal2_iprobe has 0 polygons
2026-06-03 12:15:19 +0200: Memory Usage (444380K) : metal2_diffprb has 0 polygons
2026-06-03 12:15:19 +0200: Memory Usage (444508K) : baspoly_drw has 0 polygons
2026-06-03 12:15:19 +0200: Memory Usage (444636K) : baspoly_pin has 0 polygons
2026-06-03 12:15:19 +0200: Memory Usage (444764K) : psd_drw has 23 polygons
2026-06-03 12:15:19 +0200: Memory Usage (444892K) : nldb_drw has 0 polygons
2026-06-03 12:15:19 +0200: Memory Usage (445148K) : digibnd_drw has 0 polygons
2026-06-03 12:15:19 +0200: Memory Usage (445532K) : via1_drw has 2077 polygons
2026-06-03 12:15:19 +0200: Memory Usage (445788K) : backmetal1_drw has 0 polygons
2026-06-03 12:15:19 +0200: Memory Usage (445788K) : backmetal1_pin has 0 polygons
2026-06-03 12:15:19 +0200: Memory Usage (445788K) : backmetal1_mask has 0 polygons
2026-06-03 12:15:19 +0200: Memory Usage (445788K) : backmetal1_filler has 0 polygons
2026-06-03 12:15:19 +0200: Memory Usage (445916K) : backmetal1_nofill has 0 polygons
2026-06-03 12:15:19 +0200: Memory Usage (446044K) : backmetal1_slit has 0 polygons
2026-06-03 12:15:19 +0200: Memory Usage (446172K) : backmetal1_text has 0 polygons
2026-06-03 12:15:19 +0200: Memory Usage (446300K) : backmetal1_OPC has 0 polygons
2026-06-03 12:15:19 +0200: Memory Usage (446428K) : backmetal1_noqrc has 0 polygons
2026-06-03 12:15:19 +0200: Memory Usage (446556K) : backmetal1_res has 0 polygons
2026-06-03 12:15:19 +0200: Memory Usage (446684K) : backmetal1_iprobe has 0 polygons
2026-06-03 12:15:19 +0200: Memory Usage (446812K) : backmetal1_diffprb has 0 polygons
2026-06-03 12:15:19 +0200: Memory Usage (446940K) : backpassiv_drw has 0 polygons
2026-06-03 12:15:19 +0200: Memory Usage (447068K) : res_drw has 0 polygons
2026-06-03 12:15:19 +0200: Memory Usage (447196K) : sram_drw has 0 polygons
2026-06-03 12:15:19 +0200: Memory Usage (447324K) : trans_drw has 0 polygons
2026-06-03 12:15:19 +0200: Memory Usage (447452K) : ind_drw has 0 polygons
2026-06-03 12:15:19 +0200: Memory Usage (447580K) : ind_pin has 0 polygons
2026-06-03 12:15:19 +0200: Memory Usage (447708K) : ind_text has 0 polygons
2026-06-03 12:15:19 +0200: Memory Usage (447836K) : salblock_drw has 3 polygons
2026-06-03 12:15:19 +0200: Memory Usage (448092K) : via2_drw has 1658 polygons
2026-06-03 12:15:19 +0200: Memory Usage (448348K) : metal3_drw has 14 polygons
2026-06-03 12:15:19 +0200: Memory Usage (448348K) : metal3_filler has 0 polygons
2026-06-03 12:15:19 +0200: Memory Usage (448348K) : metal3_slit has 0 polygons
2026-06-03 12:15:19 +0200: Memory Usage (448476K) : metal3 has 14 polygons
2026-06-03 12:15:19 +0200: Memory Usage (448604K) : metal3_pin has 14 polygons
2026-06-03 12:15:19 +0200: Memory Usage (448732K) : metal3_mask has 0 polygons
2026-06-03 12:15:19 +0200: Memory Usage (448860K) : metal3_nofill has 0 polygons
2026-06-03 12:15:19 +0200: Memory Usage (448988K) : metal3_text has 14 polygons
2026-06-03 12:15:19 +0200: Memory Usage (449116K) : metal3_OPC has 0 polygons
2026-06-03 12:15:19 +0200: Memory Usage (449244K) : metal3_noqrc has 0 polygons
2026-06-03 12:15:19 +0200: Memory Usage (449372K) : metal3_res has 0 polygons
2026-06-03 12:15:19 +0200: Memory Usage (449500K) : metal3_iprobe has 0 polygons
2026-06-03 12:15:19 +0200: Memory Usage (449628K) : metal3_diffprb has 0 polygons
2026-06-03 12:15:19 +0200: Memory Usage (449756K) : nwell_drw has 7 polygons
2026-06-03 12:15:19 +0200: Memory Usage (449884K) : nwell_pin has 0 polygons
2026-06-03 12:15:19 +0200: Memory Usage (449884K) : nwell_text has 0 polygons
2026-06-03 12:15:19 +0200: Memory Usage (450012K) : nbulay_drw has 0 polygons
2026-06-03 12:15:19 +0200: Memory Usage (450140K) : nbulay_pin has 0 polygons
2026-06-03 12:15:19 +0200: Memory Usage (450268K) : nbulay_block has 0 polygons
2026-06-03 12:15:19 +0200: Memory Usage (450396K) : emwind_drw has 0 polygons
2026-06-03 12:15:19 +0200: Memory Usage (450524K) : emwind_OPC has 0 polygons
2026-06-03 12:15:19 +0200: Memory Usage (450652K) : deepco_drw has 0 polygons
2026-06-03 12:15:19 +0200: Memory Usage (450908K) : mim_drw has 0 polygons
2026-06-03 12:15:19 +0200: Memory Usage (451036K) : edgeseal_drw has 0 polygons
2026-06-03 12:15:19 +0200: Memory Usage (451164K) : substrate_drw has 17 polygons
2026-06-03 12:15:19 +0200: Memory Usage (451164K) : substrate_text has 0 polygons
2026-06-03 12:15:19 +0200: Memory Usage (451292K) : dfpad_drw has 0 polygons
2026-06-03 12:15:19 +0200: Memory Usage (451420K) : dfpad_pillar has 0 polygons
2026-06-03 12:15:19 +0200: Memory Usage (451548K) : dfpad_sbump has 0 polygons
2026-06-03 12:15:19 +0200: Memory Usage (451676K) : thickgateox_drw has 7 polygons
2026-06-03 12:15:19 +0200: Memory Usage (451804K) : pldb_drw has 0 polygons
2026-06-03 12:15:19 +0200: Memory Usage (451932K) : pwell_drw has 0 polygons
2026-06-03 12:15:19 +0200: Memory Usage (452060K) : pwell_pin has 0 polygons
2026-06-03 12:15:19 +0200: Memory Usage (452188K) : pwell_block has 0 polygons
2026-06-03 12:15:19 +0200: Memory Usage (452316K) : ic_drw has 0 polygons
2026-06-03 12:15:19 +0200: Memory Usage (452700K) : via3_drw has 2087 polygons
2026-06-03 12:15:19 +0200: Memory Usage (453084K) : metal4_drw has 8 polygons
2026-06-03 12:15:19 +0200: Memory Usage (453084K) : metal4_filler has 0 polygons
2026-06-03 12:15:19 +0200: Memory Usage (453084K) : metal4_slit has 0 polygons
2026-06-03 12:15:19 +0200: Memory Usage (453084K) : metal4 has 8 polygons
2026-06-03 12:15:19 +0200: Memory Usage (453084K) : metal4_pin has 8 polygons
2026-06-03 12:15:19 +0200: Memory Usage (453084K) : metal4_mask has 0 polygons
2026-06-03 12:15:19 +0200: Memory Usage (453212K) : metal4_nofill has 0 polygons
2026-06-03 12:15:19 +0200: Memory Usage (453340K) : metal4_text has 8 polygons
2026-06-03 12:15:19 +0200: Memory Usage (453468K) : metal4_OPC has 0 polygons
2026-06-03 12:15:19 +0200: Memory Usage (453596K) : metal4_noqrc has 0 polygons
2026-06-03 12:15:19 +0200: Memory Usage (453724K) : metal4_res has 0 polygons
2026-06-03 12:15:19 +0200: Memory Usage (453852K) : metal4_iprobe has 0 polygons
2026-06-03 12:15:19 +0200: Memory Usage (453980K) : metal4_diffprb has 0 polygons
2026-06-03 12:15:19 +0200: Memory Usage (454108K) : heattrans_drw has 0 polygons
2026-06-03 12:15:19 +0200: Memory Usage (454236K) : heatres_drw has 4 polygons
2026-06-03 12:15:19 +0200: Memory Usage (454364K) : fbe_drw has 0 polygons
2026-06-03 12:15:19 +0200: Memory Usage (454492K) : empoly_drw has 0 polygons
2026-06-03 12:15:19 +0200: Memory Usage (454620K) : digisub_drw has 0 polygons
2026-06-03 12:15:19 +0200: Memory Usage (454620K) : text_drw has 40 polygons
2026-06-03 12:15:19 +0200: Memory Usage (455132K) : via4_drw has 2371 polygons
2026-06-03 12:15:19 +0200: Memory Usage (455388K) : metal5_drw has 8 polygons
2026-06-03 12:15:19 +0200: Memory Usage (455388K) : metal5_filler has 0 polygons
2026-06-03 12:15:19 +0200: Memory Usage (455388K) : metal5_slit has 0 polygons
2026-06-03 12:15:19 +0200: Memory Usage (455388K) : metal5 has 8 polygons
2026-06-03 12:15:19 +0200: Memory Usage (455516K) : metal5_pin has 8 polygons
2026-06-03 12:15:19 +0200: Memory Usage (455516K) : metal5_mask has 0 polygons
2026-06-03 12:15:19 +0200: Memory Usage (455644K) : metal5_nofill has 0 polygons
2026-06-03 12:15:19 +0200: Memory Usage (455772K) : metal5_text has 8 polygons
2026-06-03 12:15:19 +0200: Memory Usage (455900K) : metal5_OPC has 0 polygons
2026-06-03 12:15:19 +0200: Memory Usage (456028K) : metal5_noqrc has 0 polygons
2026-06-03 12:15:19 +0200: Memory Usage (456156K) : metal5_res has 0 polygons
2026-06-03 12:15:19 +0200: Memory Usage (456284K) : metal5_iprobe has 0 polygons
2026-06-03 12:15:19 +0200: Memory Usage (456412K) : metal5_diffprb has 0 polygons
2026-06-03 12:15:19 +0200: Memory Usage (456540K) : radhard_drw has 0 polygons
2026-06-03 12:15:19 +0200: Memory Usage (456668K) : memcap_drw has 0 polygons
2026-06-03 12:15:19 +0200: Memory Usage (456796K) : varicap_drw has 0 polygons
2026-06-03 12:15:19 +0200: Memory Usage (456924K) : intbondvia_drw has 0 polygons
2026-06-03 12:15:19 +0200: Memory Usage (457052K) : intbondmet_drw has 0 polygons
2026-06-03 12:15:19 +0200: Memory Usage (457180K) : devbondvia_drw has 0 polygons
2026-06-03 12:15:19 +0200: Memory Usage (457308K) : devbondmet_drw has 0 polygons
2026-06-03 12:15:19 +0200: Memory Usage (457436K) : devtrench_drw has 0 polygons
2026-06-03 12:15:19 +0200: Memory Usage (457564K) : redist_drw has 0 polygons
2026-06-03 12:15:19 +0200: Memory Usage (457692K) : graphbot_drw has 0 polygons
2026-06-03 12:15:19 +0200: Memory Usage (457820K) : graphtop_drw has 0 polygons
2026-06-03 12:15:19 +0200: Memory Usage (457948K) : antvia1_drw has 0 polygons
2026-06-03 12:15:19 +0200: Memory Usage (458076K) : antmetal2_drw has 0 polygons
2026-06-03 12:15:19 +0200: Memory Usage (458204K) : graphcont_drw has 0 polygons
2026-06-03 12:15:19 +0200: Memory Usage (458332K) : siwg_drw has 0 polygons
2026-06-03 12:15:19 +0200: Memory Usage (458460K) : siwg_filler has 0 polygons
2026-06-03 12:15:19 +0200: Memory Usage (458716K) : siwg_nofill has 0 polygons
2026-06-03 12:15:19 +0200: Memory Usage (458844K) : sigrating_drw has 0 polygons
2026-06-03 12:15:19 +0200: Memory Usage (458972K) : singrating_drw has 0 polygons
2026-06-03 12:15:19 +0200: Memory Usage (459100K) : graphpas_drw has 0 polygons
2026-06-03 12:15:20 +0200: Memory Usage (459228K) : emwind3_drw has 0 polygons
2026-06-03 12:15:20 +0200: Memory Usage (459356K) : emwihv3_drw has 0 polygons
2026-06-03 12:15:20 +0200: Memory Usage (459484K) : redbulay_drw has 0 polygons
2026-06-03 12:15:20 +0200: Memory Usage (459612K) : smos_drw has 0 polygons
2026-06-03 12:15:20 +0200: Memory Usage (459740K) : graphpad_drw has 0 polygons
2026-06-03 12:15:20 +0200: Memory Usage (459868K) : polimide_drw has 0 polygons
2026-06-03 12:15:20 +0200: Memory Usage (459996K) : polimide_pin has 0 polygons
2026-06-03 12:15:20 +0200: Memory Usage (460124K) : recog_drw has 0 polygons
2026-06-03 12:15:20 +0200: Memory Usage (460252K) : recog_pin has 0 polygons
2026-06-03 12:15:20 +0200: Memory Usage (460380K) : recog_esd has 0 polygons
2026-06-03 12:15:20 +0200: Memory Usage (460508K) : recog_diode has 8 polygons
2026-06-03 12:15:20 +0200: Memory Usage (460636K) : recog_tsv has 0 polygons
2026-06-03 12:15:20 +0200: Memory Usage (460764K) : recog_iprobe has 0 polygons
2026-06-03 12:15:20 +0200: Memory Usage (460892K) : recog_diffprb has 0 polygons
2026-06-03 12:15:20 +0200: Memory Usage (461020K) : recog_pillar has 0 polygons
2026-06-03 12:15:20 +0200: Memory Usage (461148K) : recog_sbump has 0 polygons
2026-06-03 12:15:20 +0200: Memory Usage (461276K) : recog_otp has 0 polygons
2026-06-03 12:15:20 +0200: Memory Usage (461404K) : recog_pdiode has 0 polygons
2026-06-03 12:15:20 +0200: Memory Usage (461532K) : recog_mom has 0 polygons
2026-06-03 12:15:20 +0200: Memory Usage (461660K) : recog_pcm has 0 polygons
2026-06-03 12:15:20 +0200: Memory Usage (461788K) : colopen_drw has 0 polygons
2026-06-03 12:15:20 +0200: Memory Usage (461916K) : graphmetal1_drw has 0 polygons
2026-06-03 12:15:20 +0200: Memory Usage (462044K) : graphmetal1_filler has 0 polygons
2026-06-03 12:15:20 +0200: Memory Usage (462172K) : graphmetal1_nofill has 0 polygons
2026-06-03 12:15:20 +0200: Memory Usage (462300K) : graphmetal1_slit has 0 polygons
2026-06-03 12:15:20 +0200: Memory Usage (462428K) : graphmetal1_OPC has 0 polygons
2026-06-03 12:15:20 +0200: Memory Usage (462556K) : graphmet1l_drw has 0 polygons
2026-06-03 12:15:20 +0200: Memory Usage (462684K) : graphmet1l_filler has 0 polygons
2026-06-03 12:15:20 +0200: Memory Usage (462940K) : graphmet1l_nofill has 0 polygons
2026-06-03 12:15:20 +0200: Memory Usage (463068K) : graphmet1l_slit has 0 polygons
2026-06-03 12:15:20 +0200: Memory Usage (463196K) : graphmet1l_OPC has 0 polygons
2026-06-03 12:15:20 +0200: Memory Usage (463324K) : extblock_drw has 3 polygons
2026-06-03 12:15:20 +0200: Memory Usage (463452K) : nldd_drw has 0 polygons
2026-06-03 12:15:20 +0200: Memory Usage (463580K) : pldd_drw has 0 polygons
2026-06-03 12:15:20 +0200: Memory Usage (463708K) : next_drw has 0 polygons
2026-06-03 12:15:20 +0200: Memory Usage (463836K) : pext_drw has 0 polygons
2026-06-03 12:15:20 +0200: Memory Usage (463964K) : nexthv_drw has 0 polygons
2026-06-03 12:15:20 +0200: Memory Usage (464092K) : pexthv_drw has 0 polygons
2026-06-03 12:15:20 +0200: Memory Usage (464220K) : graphgate_drw has 0 polygons
2026-06-03 12:15:20 +0200: Memory Usage (464348K) : sinwg_drw has 0 polygons
2026-06-03 12:15:20 +0200: Memory Usage (464476K) : sinwg_filler has 0 polygons
2026-06-03 12:15:20 +0200: Memory Usage (464604K) : sinwg_nofill has 0 polygons
2026-06-03 12:15:20 +0200: Memory Usage (464732K) : mempad_drw has 0 polygons
2026-06-03 12:15:20 +0200: Memory Usage (465116K) : topvia1_drw has 2315 polygons
2026-06-03 12:15:20 +0200: Memory Usage (465500K) : topmetal1_drw has 8 polygons
2026-06-03 12:15:20 +0200: Memory Usage (465500K) : topmetal1_filler has 0 polygons
2026-06-03 12:15:20 +0200: Memory Usage (465500K) : topmetal1_slit has 0 polygons
2026-06-03 12:15:20 +0200: Memory Usage (465500K) : topmetal1 has 8 polygons
2026-06-03 12:15:20 +0200: Memory Usage (465628K) : topmetal1_pin has 8 polygons
2026-06-03 12:15:20 +0200: Memory Usage (465756K) : topmetal1_mask has 0 polygons
2026-06-03 12:15:20 +0200: Memory Usage (465884K) : topmetal1_nofill has 0 polygons
2026-06-03 12:15:20 +0200: Memory Usage (465884K) : topmetal1_text has 8 polygons
2026-06-03 12:15:20 +0200: Memory Usage (466012K) : topmetal1_noqrc has 0 polygons
2026-06-03 12:15:20 +0200: Memory Usage (466140K) : topmetal1_res has 0 polygons
2026-06-03 12:15:20 +0200: Memory Usage (466268K) : topmetal1_iprobe has 0 polygons
2026-06-03 12:15:20 +0200: Memory Usage (466396K) : topmetal1_diffprb has 0 polygons
2026-06-03 12:15:20 +0200: Memory Usage (466524K) : inldpwl_drw has 0 polygons
2026-06-03 12:15:20 +0200: Memory Usage (466652K) : polyres_drw has 3 polygons
2026-06-03 12:15:20 +0200: Memory Usage (466908K) : polyres_pin has 0 polygons
2026-06-03 12:15:20 +0200: Memory Usage (467036K) : vmim_drw has 0 polygons
2026-06-03 12:15:20 +0200: Memory Usage (467164K) : nbulaycut_drw has 0 polygons
2026-06-03 12:15:20 +0200: Memory Usage (467292K) : antmetal1_drw has 0 polygons
2026-06-03 12:15:20 +0200: Memory Usage (467420K) : topvia2_drw has 1593 polygons
2026-06-03 12:15:20 +0200: Memory Usage (467804K) : topmetal2_drw has 6 polygons
2026-06-03 12:15:20 +0200: Memory Usage (467804K) : topmetal2_filler has 0 polygons
2026-06-03 12:15:20 +0200: Memory Usage (467804K) : topmetal2_slit has 0 polygons
2026-06-03 12:15:20 +0200: Memory Usage (467932K) : topmetal2 has 6 polygons
2026-06-03 12:15:20 +0200: Memory Usage (468060K) : topmetal2_pin has 6 polygons
2026-06-03 12:15:20 +0200: Memory Usage (468188K) : topmetal2_mask has 0 polygons
2026-06-03 12:15:20 +0200: Memory Usage (468316K) : topmetal2_nofill has 0 polygons
2026-06-03 12:15:20 +0200: Memory Usage (468444K) : topmetal2_text has 6 polygons
2026-06-03 12:15:20 +0200: Memory Usage (468572K) : topmetal2_noqrc has 0 polygons
2026-06-03 12:15:20 +0200: Memory Usage (468700K) : topmetal2_res has 0 polygons
2026-06-03 12:15:20 +0200: Memory Usage (468828K) : topmetal2_iprobe has 0 polygons
2026-06-03 12:15:20 +0200: Memory Usage (468956K) : topmetal2_diffprb has 0 polygons
2026-06-03 12:15:20 +0200: Memory Usage (469084K) : snsring_drw has 0 polygons
2026-06-03 12:15:20 +0200: Memory Usage (469212K) : sensor_drw has 0 polygons
2026-06-03 12:15:20 +0200: Memory Usage (469340K) : snsarms_drw has 0 polygons
2026-06-03 12:15:20 +0200: Memory Usage (469468K) : snscmosvia_drw has 0 polygons
2026-06-03 12:15:20 +0200: Memory Usage (469596K) : colwind_drw has 0 polygons
2026-06-03 12:15:20 +0200: Memory Usage (469724K) : flm_drw has 0 polygons
2026-06-03 12:15:20 +0200: Memory Usage (469852K) : hafniumox_drw has 0 polygons
2026-06-03 12:15:20 +0200: Memory Usage (469980K) : memvia_drw has 0 polygons
2026-06-03 12:15:20 +0200: Memory Usage (470108K) : thinfilmres_drw has 0 polygons
2026-06-03 12:15:20 +0200: Memory Usage (470236K) : rfmem_drw has 0 polygons
2026-06-03 12:15:20 +0200: Memory Usage (470364K) : norcx_drw has 0 polygons
2026-06-03 12:15:20 +0200: Memory Usage (470492K) : norcx_m2m3 has 0 polygons
2026-06-03 12:15:20 +0200: Memory Usage (470620K) : norcx_m2m4 has 0 polygons
2026-06-03 12:15:20 +0200: Memory Usage (470748K) : norcx_m2m5 has 0 polygons
2026-06-03 12:15:20 +0200: Memory Usage (470876K) : norcx_m2tm1 has 0 polygons
2026-06-03 12:15:20 +0200: Memory Usage (471004K) : norcx_m2tm2 has 0 polygons
2026-06-03 12:15:20 +0200: Memory Usage (471132K) : norcx_m3m4 has 0 polygons
2026-06-03 12:15:20 +0200: Memory Usage (471260K) : norcx_m3m5 has 0 polygons
2026-06-03 12:15:20 +0200: Memory Usage (471388K) : norcx_m3tm1 has 0 polygons
2026-06-03 12:15:20 +0200: Memory Usage (471516K) : norcx_m3tm2 has 0 polygons
2026-06-03 12:15:20 +0200: Memory Usage (471644K) : norcx_m4m5 has 0 polygons
2026-06-03 12:15:20 +0200: Memory Usage (471900K) : norcx_m4tm1 has 0 polygons
2026-06-03 12:15:20 +0200: Memory Usage (472028K) : norcx_m4tm2 has 0 polygons
2026-06-03 12:15:20 +0200: Memory Usage (472156K) : norcx_m5tm1 has 0 polygons
2026-06-03 12:15:20 +0200: Memory Usage (472284K) : norcx_m5tm2 has 0 polygons
2026-06-03 12:15:20 +0200: Memory Usage (472412K) : norcx_tm1tm2 has 0 polygons
2026-06-03 12:15:20 +0200: Memory Usage (472540K) : norcx_m1sub has 0 polygons
2026-06-03 12:15:20 +0200: Memory Usage (472668K) : norcx_m2sub has 0 polygons
2026-06-03 12:15:20 +0200: Memory Usage (472668K) : norcx_m3sub has 0 polygons
2026-06-03 12:15:20 +0200: Memory Usage (472668K) : norcx_m4sub has 0 polygons
2026-06-03 12:15:20 +0200: Memory Usage (472668K) : norcx_m5sub has 0 polygons
2026-06-03 12:15:20 +0200: Memory Usage (472796K) : norcx_tm1sub has 0 polygons
2026-06-03 12:15:20 +0200: Memory Usage (472924K) : norcx_tm2sub has 0 polygons
2026-06-03 12:15:20 +0200: Memory Usage (473052K) : snsbotvia_drw has 0 polygons
2026-06-03 12:15:20 +0200: Memory Usage (473180K) : snstopvia_drw has 0 polygons
2026-06-03 12:15:20 +0200: Memory Usage (473308K) : deepvia_drw has 0 polygons
2026-06-03 12:15:20 +0200: Memory Usage (473436K) : fgetch_drw has 0 polygons
2026-06-03 12:15:20 +0200: Memory Usage (473564K) : ctrgat_drw has 0 polygons
2026-06-03 12:15:20 +0200: Memory Usage (473692K) : fgimp_drw has 0 polygons
2026-06-03 12:15:20 +0200: Memory Usage (473820K) : emwihv_drw has 0 polygons
2026-06-03 12:15:20 +0200: Memory Usage (473948K) : lbe_drw has 0 polygons
2026-06-03 12:15:20 +0200: Memory Usage (474076K) : alcustop_drw has 0 polygons
2026-06-03 12:15:20 +0200: Memory Usage (474204K) : nometfiller_drw has 0 polygons
2026-06-03 12:15:20 +0200: Memory Usage (474204K) : prboundary_drw has 0 polygons
2026-06-03 12:15:20 +0200: Memory Usage (474204K) : exchange0_drw has 0 polygons
2026-06-03 12:15:20 +0200: Memory Usage (474332K) : exchange0_pin has 0 polygons
2026-06-03 12:15:20 +0200: Memory Usage (474332K) : exchange0_text has 0 polygons
2026-06-03 12:15:20 +0200: Memory Usage (474460K) : exchange1_drw has 0 polygons
2026-06-03 12:15:20 +0200: Memory Usage (474588K) : exchange1_pin has 0 polygons
2026-06-03 12:15:20 +0200: Memory Usage (474716K) : exchange1_text has 0 polygons
2026-06-03 12:15:20 +0200: Memory Usage (474844K) : exchange2_drw has 0 polygons
2026-06-03 12:15:20 +0200: Memory Usage (474972K) : exchange2_pin has 0 polygons
2026-06-03 12:15:20 +0200: Memory Usage (474972K) : exchange2_text has 0 polygons
2026-06-03 12:15:20 +0200: Memory Usage (475100K) : exchange3_drw has 0 polygons
2026-06-03 12:15:20 +0200: Memory Usage (475228K) : exchange3_pin has 0 polygons
2026-06-03 12:15:20 +0200: Memory Usage (475356K) : exchange3_text has 0 polygons
2026-06-03 12:15:20 +0200: Memory Usage (475484K) : exchange4_drw has 0 polygons
2026-06-03 12:15:20 +0200: Memory Usage (475612K) : exchange4_pin has 0 polygons
2026-06-03 12:15:20 +0200: Memory Usage (475612K) : exchange4_text has 0 polygons
2026-06-03 12:15:20 +0200: Memory Usage (475740K) : isonwell_drw has 0 polygons
2026-06-03 12:15:20 +0200: Memory Usage (475740K) : Total no. of polygons in the design is 60680
2026-06-03 12:15:20 +0200: Memory Usage (475740K) : Starting base layers derivations
2026-06-03 12:15:20 +0200: Memory Usage (475740K) : Starting general LVS derivations
2026-06-03 12:15:20 +0200: Memory Usage (480732K) : Starting MOSFET DERIVATIONS
2026-06-03 12:15:20 +0200: Memory Usage (485848K) : Starting NMOS DERIVATIONS
2026-06-03 12:15:20 +0200: Memory Usage (485848K) : Starting PMOS DERIVATIONS
2026-06-03 12:15:20 +0200: Memory Usage (485848K) : Starting RF-MOSFET DERIVATIONS
2026-06-03 12:15:20 +0200: Memory Usage (485848K) : Starting RF-NMOS DERIVATIONS
2026-06-03 12:15:20 +0200: Memory Usage (485848K) : Starting RF-PMOS DERIVATIONS
2026-06-03 12:15:20 +0200: Memory Usage (485848K) : Starting BJT DERIVATIONS
2026-06-03 12:15:20 +0200: Memory Usage (485848K) : Starting NPN-BJT DERIVATIONS
2026-06-03 12:15:20 +0200: Memory Usage (485848K) : Starting PNP-BJT DERIVATIONS
2026-06-03 12:15:20 +0200: Memory Usage (485848K) : Starting DIODE DERIVATIONS
2026-06-03 12:15:20 +0200: Memory Usage (488536K) : Starting RESISTOR DERIVATIONS
2026-06-03 12:15:20 +0200: Memory Usage (488664K) : Starting CAP DERIVATIONS
2026-06-03 12:15:20 +0200: Memory Usage (488664K) : Starting ESD DERIVATIONS
2026-06-03 12:15:20 +0200: Memory Usage (488664K) : Starting Inductor DERIVATIONS
2026-06-03 12:15:20 +0200: Memory Usage (488664K) : Starting Taps DERIVATIONS
2026-06-03 12:15:20 +0200: Memory Usage (488664K) : Starting SG13G2 LVS connectivity setup
2026-06-03 12:15:20 +0200: Memory Usage (488664K) : Starting SG13G2 LVS connectivity setup (Inter-layer)
2026-06-03 12:15:20 +0200: Memory Usage (489104K) : Starting SG13G2 LVS connectivity setup (Global)
2026-06-03 12:15:20 +0200: Memory Usage (489104K) : Starting LVS MOSFET CONNECTIONS
2026-06-03 12:15:20 +0200: Memory Usage (489104K) : Starting LVS RF-MOSFET CONNECTIONS
2026-06-03 12:15:20 +0200: Memory Usage (489104K) : Starting LVS BJT CONNECTIONS
2026-06-03 12:15:20 +0200: Memory Usage (489104K) : Starting LVS DIODE CONNECTIONS
2026-06-03 12:15:20 +0200: Memory Usage (489104K) : Starting RESISTOR CONNECTIONS
2026-06-03 12:15:20 +0200: Memory Usage (489104K) : Starting LVS CAP CONNECTIONS
2026-06-03 12:15:20 +0200: Memory Usage (489104K) : Starting ESD CONNECTIONS
2026-06-03 12:15:20 +0200: Memory Usage (489104K) : Starting Inductor CONNECTIONS
2026-06-03 12:15:20 +0200: Memory Usage (489104K) : Starting LVS Taps CONNECTIONS
2026-06-03 12:15:20 +0200: Memory Usage (489104K) : Starting SG13G2 LVS DEVICES EXTRACTION
2026-06-03 12:15:20 +0200: Memory Usage (489104K) : Starting MOSFET EXTRACTION
2026-06-03 12:15:20 +0200: Memory Usage (489104K) : Starting NMOS EXTRACTION
2026-06-03 12:15:20 +0200: Memory Usage (489104K) : Extraction of NMOS-LV transistor
2026-06-03 12:15:20 +0200: Memory Usage (489360K) : Extraction of NMOS-HV transistor
2026-06-03 12:15:20 +0200: Memory Usage (489488K) : Starting PMOS EXTRACTION
2026-06-03 12:15:20 +0200: Memory Usage (489488K) : Extraction of PMOS-LV transistor
2026-06-03 12:15:20 +0200: Memory Usage (489488K) : Extraction of PMOS-HV transistor
2026-06-03 12:15:20 +0200: Memory Usage (489488K) : Starting RF-MOSFET EXTRACTION
2026-06-03 12:15:20 +0200: Memory Usage (489488K) : Extraction of RF-NMOS-LV transistor
2026-06-03 12:15:20 +0200: Memory Usage (489488K) : Extraction of RF-NMOS-HV transistor
2026-06-03 12:15:20 +0200: Memory Usage (489488K) : Extraction of RF-PMOS-LV transistor
2026-06-03 12:15:20 +0200: Memory Usage (489488K) : Extraction of RF-PMOS-HV transistor
2026-06-03 12:15:20 +0200: Memory Usage (489488K) : Starting BJT EXTRACTION
2026-06-03 12:15:20 +0200: Memory Usage (489488K) : Starting NPN-BJT EXTRACTION
2026-06-03 12:15:20 +0200: Memory Usage (489488K) : Extraction of npn13G2 BJT transistor
2026-06-03 12:15:20 +0200: Memory Usage (489488K) : Extraction of npn13G2L BJT transistor
2026-06-03 12:15:20 +0200: Memory Usage (489488K) : Extraction of npn13G2V BJT transistor
2026-06-03 12:15:20 +0200: Memory Usage (489488K) : Starting PNP-BJT EXTRACTION
2026-06-03 12:15:20 +0200: Memory Usage (489488K) : Extracting pnpMPA BJT
2026-06-03 12:15:20 +0200: Memory Usage (489488K) : Starting DIODE EXTRACTION
2026-06-03 12:15:20 +0200: Memory Usage (489488K) : Extracting dantenna diode
2026-06-03 12:15:20 +0200: Memory Usage (489488K) : Extracting dpantenna diode
2026-06-03 12:15:20 +0200: Memory Usage (489488K) : Extracting schottky_nbl1 diode
2026-06-03 12:15:20 +0200: Memory Usage (489488K) : Extracting isolbox diode
2026-06-03 12:15:20 +0200: Memory Usage (489488K) : Starting RESISTOR EXTRACTION
2026-06-03 12:15:20 +0200: Memory Usage (489488K) : Extracting rsil resistor
2026-06-03 12:15:20 +0200: Memory Usage (489488K) : Extracting rppd resistor
2026-06-03 12:15:20 +0200: Memory Usage (489744K) : Extracting rhigh resistor
2026-06-03 12:15:20 +0200: Memory Usage (489744K) : Extracting res_metal1 resistor
2026-06-03 12:15:20 +0200: Memory Usage (489888K) : Extracting res_metal2 resistor
2026-06-03 12:15:20 +0200: Memory Usage (489888K) : Extracting res_metal3 resistor
2026-06-03 12:15:20 +0200: Memory Usage (489888K) : Extracting res_metal4 resistor
2026-06-03 12:15:20 +0200: Memory Usage (489888K) : Extracting res_metal5 resistor
2026-06-03 12:15:20 +0200: Memory Usage (489888K) : Extracting res_topmetal1 resistor
2026-06-03 12:15:20 +0200: Memory Usage (489888K) : Extracting res_topmetal2 resistor
2026-06-03 12:15:20 +0200: Memory Usage (489888K) : Starting CAP EXTRACTION
2026-06-03 12:15:20 +0200: Memory Usage (489888K) : Extracting cap_cmim device
2026-06-03 12:15:20 +0200: Memory Usage (489888K) : Extracting rfcmim device
2026-06-03 12:15:20 +0200: Memory Usage (489888K) : Extracting sg13_hv_svaricap varactor
2026-06-03 12:15:20 +0200: Memory Usage (489888K) : Starting ESD EXTRACTION
2026-06-03 12:15:20 +0200: Memory Usage (489888K) : Extracting diodevdd_2kv ESD device
2026-06-03 12:15:20 +0200: Memory Usage (489888K) : Extracting diodevdd_4kv ESD device
2026-06-03 12:15:20 +0200: Memory Usage (489888K) : Extracting diodevss_2kv ESD device
2026-06-03 12:15:20 +0200: Memory Usage (489888K) : Extracting diodevss_4kv ESD device
2026-06-03 12:15:20 +0200: Memory Usage (489888K) : Extracting idiodevdd_2kv ESD device
2026-06-03 12:15:20 +0200: Memory Usage (489888K) : Extracting idiodevdd_4kv ESD device
2026-06-03 12:15:20 +0200: Memory Usage (489888K) : Extracting idiodevss_2kv ESD device
2026-06-03 12:15:20 +0200: Memory Usage (489888K) : Extracting idiodevss_4kv ESD device
2026-06-03 12:15:20 +0200: Memory Usage (489888K) : Extracting nmoscl_2 ESD device
2026-06-03 12:15:20 +0200: Memory Usage (489888K) : Extracting nmoscl_4 ESD device
2026-06-03 12:15:20 +0200: Memory Usage (489888K) : Starting Inductor EXTRACTION
2026-06-03 12:15:20 +0200: Memory Usage (489888K) : Extracting Inductor2 device
2026-06-03 12:15:20 +0200: Memory Usage (489888K) : Extracting Inductor3 device
2026-06-03 12:15:20 +0200: Memory Usage (489888K) : Starting Taps EXTRACTION
2026-06-03 12:15:20 +0200: Memory Usage (489888K) : Extracting ntap1 device
2026-06-03 12:15:20 +0200: Memory Usage (489888K) : Extracting ptap1 device
2026-06-03 12:15:20 +0200: Memory Usage (489888K) : Starting SG13G2 LVS RF MOS Model Mapping
2026-06-03 12:15:20 +0200: Memory Usage (490528K) : [layout_netlist] Apply RF MOS model mapping and rfmode parameter.
2026-06-03 12:15:20 +0200: Memory Usage (490528K) : Starting SG13G2 LVS Options Preparations
2026-06-03 12:15:20 +0200: Memory Usage (490528K) : SG13G2 LVS flow: extraction -> alignment -> option preparation -> comparison.
2026-06-03 12:15:20 +0200: Memory Usage (490528K) : Starting SG13G2 LVS Alignment
2026-06-03 12:15:20 +0200: Memory Usage (490528K) : Starting SG13G2 LVS Simplification
2026-06-03 12:15:20 +0200: Memory Usage (490528K) : [layout_netlist] simplify: ENABLED
2026-06-03 12:15:20 +0200: Memory Usage (490528K) : [layout_netlist] make_top_level_pins: SKIPPED
2026-06-03 12:15:20 +0200: Memory Usage (490528K) : [layout_netlist] combine_devices: ENABLED
2026-06-03 12:15:20 +0200: Memory Usage (490528K) : [layout_netlist] purge: SKIPPED
2026-06-03 12:15:20 +0200: Memory Usage (490528K) : [layout_netlist] purge_nets: SKIPPED
2026-06-03 12:15:20 +0200: Memory Usage (490528K) : [schematic_netlist] simplify: ENABLED
2026-06-03 12:15:20 +0200: Memory Usage (490528K) : [schematic_netlist] make_top_level_pins: SKIPPED
2026-06-03 12:15:20 +0200: Memory Usage (490528K) : [schematic_netlist] combine_devices: ENABLED
2026-06-03 12:15:20 +0200: Memory Usage (490528K) : [schematic_netlist] purge: SKIPPED
2026-06-03 12:15:20 +0200: Memory Usage (490528K) : [schematic_netlist] purge_nets: SKIPPED
2026-06-03 12:15:20 +0200: Memory Usage (490528K) : Starting SG13G2 LVS Comparison
2026-06-03 12:15:20 +0200: Memory Usage (490656K) : ==========================================
2026-06-03 12:15:20 +0200: Memory Usage (490656K) : INFO : Congratulations! Netlists match.
2026-06-03 12:15:20 +0200: Memory Usage (490656K) : ==========================================
2026-06-03 12:15:20 +0200: Memory Usage (490656K) : LVS Total Run time 1.069952 seconds
