# Logfile created on 2026-06-03 11:04:51 +0200 by logger.rb/v1.4.3
2026-06-03 11:04:51 +0200: Memory Usage (430152K) : Starting running SG13G2 Klayout LVS runset on /home/designer/shared/hm-openpdk-library/libs.tech/gds/hm_IOPadInOut30mA_OpenDrain_PUPD.gds
2026-06-03 11:04:51 +0200: Memory Usage (430152K) : Ruby Version for klayout: 3.0.2
2026-06-03 11:04:51 +0200: Memory Usage (432736K) : Loading database to memory is complete.
2026-06-03 11:04:51 +0200: Memory Usage (432736K) : SG13G2 Klayout LVS runset output at: /home/designer/shared/hm-openpdk-library/libs.tech/gds/lvs_run_hm_IOPadInOut30mA_OpenDrain_PUPD_2026_06_03_11_04_50/hm_IOPadInOut30mA_OpenDrain_PUPD.lvsdb
2026-06-03 11:04:51 +0200: Memory Usage (432736K) : Evaluate switches.
2026-06-03 11:04:51 +0200: Memory Usage (432736K) : Extracted netlist with net names: true
2026-06-03 11:04:51 +0200: Memory Usage (432736K) : Extracted netlist with comments in details: false
2026-06-03 11:04:51 +0200: Memory Usage (432736K) : Selected NET_ONLY option: false
2026-06-03 11:04:51 +0200: Memory Usage (432736K) : Selected LAYOUT_NETLIST option: (none)
2026-06-03 11:04:51 +0200: Memory Usage (432736K) : Selected IGNORE_TOP_PORTS_MISMATCH option: true
2026-06-03 11:04:51 +0200: Memory Usage (432736K) : Selected IMPLICIT_NETS option: (none)
2026-06-03 11:04:51 +0200: Memory Usage (432736K) : Selected TOP_LVL_PINS option: false
2026-06-03 11:04:51 +0200: Memory Usage (432736K) : Selected COMBINE DEVICES option: true
2026-06-03 11:04:51 +0200: Memory Usage (432736K) : Selected PURGE option: false
2026-06-03 11:04:51 +0200: Memory Usage (432736K) : Selected PURGE_NETS option: false
2026-06-03 11:04:51 +0200: Memory Usage (432736K) : Selected SIMPLIFY option: true
2026-06-03 11:04:51 +0200: Memory Usage (432736K) : Selected SERIES_RES option: true
2026-06-03 11:04:51 +0200: Memory Usage (432736K) : Selected PARALLEL_RES option: true
2026-06-03 11:04:51 +0200: Memory Usage (432736K) : flat  mode is enabled.
2026-06-03 11:04:51 +0200: Memory Usage (433684K) : Netlist file: /home/designer/shared/hm-openpdk-library/libs.tech/xschem/simulations/hm_IOPadInOut30mA_OpenDrain_PUPD.spice
2026-06-03 11:04:51 +0200: Memory Usage (433684K) : LVS extracted netlist at: /home/designer/shared/hm-openpdk-library/libs.tech/gds/lvs_run_hm_IOPadInOut30mA_OpenDrain_PUPD_2026_06_03_11_04_50/hm_IOPadInOut30mA_OpenDrain_PUPD_extracted.cir
2026-06-03 11:04:51 +0200: Memory Usage (433684K) : Applying SRAM integration support.
2026-06-03 11:04:51 +0200: Memory Usage (433684K) : Starting SG13G2 LVS runset
2026-06-03 11:04:51 +0200: Memory Usage (433684K) : Read in polygons from layers.
2026-06-03 11:04:51 +0200: Memory Usage (434552K) : activ_drw has 106 polygons
2026-06-03 11:04:51 +0200: Memory Usage (434552K) : activ_filler has 0 polygons
2026-06-03 11:04:51 +0200: Memory Usage (434552K) : activ has 106 polygons
2026-06-03 11:04:51 +0200: Memory Usage (434552K) : activ_pin has 0 polygons
2026-06-03 11:04:51 +0200: Memory Usage (434552K) : activ_mask has 0 polygons
2026-06-03 11:04:51 +0200: Memory Usage (434552K) : activ_nofill has 0 polygons
2026-06-03 11:04:51 +0200: Memory Usage (434552K) : activ_OPC has 0 polygons
2026-06-03 11:04:51 +0200: Memory Usage (434680K) : activ_iOPC has 0 polygons
2026-06-03 11:04:51 +0200: Memory Usage (434680K) : activ_noqrc has 0 polygons
2026-06-03 11:04:51 +0200: Memory Usage (434808K) : biwind_drw has 0 polygons
2026-06-03 11:04:51 +0200: Memory Usage (434936K) : biwind_OPC has 0 polygons
2026-06-03 11:04:51 +0200: Memory Usage (435064K) : gatpoly_drw has 81 polygons
2026-06-03 11:04:51 +0200: Memory Usage (435192K) : gatpoly_filler has 0 polygons
2026-06-03 11:04:51 +0200: Memory Usage (435320K) : gatpoly has 81 polygons
2026-06-03 11:04:51 +0200: Memory Usage (435448K) : gatpoly_pin has 0 polygons
2026-06-03 11:04:51 +0200: Memory Usage (435576K) : gatpoly_nofill has 0 polygons
2026-06-03 11:04:51 +0200: Memory Usage (435704K) : gatpoly_OPC has 0 polygons
2026-06-03 11:04:51 +0200: Memory Usage (435832K) : gatpoly_iOPC has 0 polygons
2026-06-03 11:04:51 +0200: Memory Usage (435960K) : gatpoly_noqrc has 0 polygons
2026-06-03 11:04:51 +0200: Memory Usage (441188K) : cont_drw has 47727 polygons
2026-06-03 11:04:51 +0200: Memory Usage (441188K) : cont_OPC has 0 polygons
2026-06-03 11:04:51 +0200: Memory Usage (441188K) : nsd_drw has 0 polygons
2026-06-03 11:04:51 +0200: Memory Usage (441188K) : nsd_block has 0 polygons
2026-06-03 11:04:51 +0200: Memory Usage (441188K) : metal1_drw has 144 polygons
2026-06-03 11:04:51 +0200: Memory Usage (441188K) : metal1_filler has 0 polygons
2026-06-03 11:04:51 +0200: Memory Usage (441188K) : metal1_slit has 0 polygons
2026-06-03 11:04:51 +0200: Memory Usage (441188K) : metal1 has 144 polygons
2026-06-03 11:04:51 +0200: Memory Usage (441444K) : metal1_pin has 77 polygons
2026-06-03 11:04:51 +0200: Memory Usage (441444K) : metal1_mask has 0 polygons
2026-06-03 11:04:51 +0200: Memory Usage (441444K) : metal1_nofill has 0 polygons
2026-06-03 11:04:51 +0200: Memory Usage (441572K) : metal1_text has 91 polygons
2026-06-03 11:04:51 +0200: Memory Usage (441572K) : metal1_OPC has 0 polygons
2026-06-03 11:04:51 +0200: Memory Usage (441700K) : metal1_noqrc has 0 polygons
2026-06-03 11:04:51 +0200: Memory Usage (441828K) : metal1_res has 0 polygons
2026-06-03 11:04:51 +0200: Memory Usage (441956K) : metal1_iprobe has 0 polygons
2026-06-03 11:04:51 +0200: Memory Usage (442084K) : metal1_diffprb has 0 polygons
2026-06-03 11:04:51 +0200: Memory Usage (442212K) : passiv_drw has 0 polygons
2026-06-03 11:04:51 +0200: Memory Usage (442340K) : passiv_pin has 0 polygons
2026-06-03 11:04:51 +0200: Memory Usage (442468K) : passiv_sbump has 0 polygons
2026-06-03 11:04:51 +0200: Memory Usage (442596K) : passiv_pillar has 0 polygons
2026-06-03 11:04:51 +0200: Memory Usage (442724K) : passiv_pdl has 0 polygons
2026-06-03 11:04:51 +0200: Memory Usage (442852K) : metal2_drw has 58 polygons
2026-06-03 11:04:51 +0200: Memory Usage (442980K) : metal2_filler has 0 polygons
2026-06-03 11:04:51 +0200: Memory Usage (443108K) : metal2_slit has 0 polygons
2026-06-03 11:04:51 +0200: Memory Usage (443236K) : metal2 has 58 polygons
2026-06-03 11:04:51 +0200: Memory Usage (443364K) : metal2_pin has 35 polygons
2026-06-03 11:04:51 +0200: Memory Usage (443492K) : metal2_mask has 0 polygons
2026-06-03 11:04:51 +0200: Memory Usage (443620K) : metal2_nofill has 0 polygons
2026-06-03 11:04:51 +0200: Memory Usage (443620K) : metal2_text has 41 polygons
2026-06-03 11:04:51 +0200: Memory Usage (443748K) : metal2_OPC has 0 polygons
2026-06-03 11:04:51 +0200: Memory Usage (443876K) : metal2_noqrc has 0 polygons
2026-06-03 11:04:51 +0200: Memory Usage (444004K) : metal2_res has 0 polygons
2026-06-03 11:04:51 +0200: Memory Usage (444132K) : metal2_iprobe has 0 polygons
2026-06-03 11:04:51 +0200: Memory Usage (444260K) : metal2_diffprb has 0 polygons
2026-06-03 11:04:51 +0200: Memory Usage (444388K) : baspoly_drw has 0 polygons
2026-06-03 11:04:51 +0200: Memory Usage (444516K) : baspoly_pin has 0 polygons
2026-06-03 11:04:51 +0200: Memory Usage (444644K) : psd_drw has 24 polygons
2026-06-03 11:04:51 +0200: Memory Usage (444772K) : nldb_drw has 0 polygons
2026-06-03 11:04:51 +0200: Memory Usage (444900K) : digibnd_drw has 0 polygons
2026-06-03 11:04:51 +0200: Memory Usage (445412K) : via1_drw has 2077 polygons
2026-06-03 11:04:51 +0200: Memory Usage (445668K) : backmetal1_drw has 0 polygons
2026-06-03 11:04:51 +0200: Memory Usage (445668K) : backmetal1_pin has 0 polygons
2026-06-03 11:04:51 +0200: Memory Usage (445668K) : backmetal1_mask has 0 polygons
2026-06-03 11:04:51 +0200: Memory Usage (445668K) : backmetal1_filler has 0 polygons
2026-06-03 11:04:51 +0200: Memory Usage (445796K) : backmetal1_nofill has 0 polygons
2026-06-03 11:04:51 +0200: Memory Usage (445924K) : backmetal1_slit has 0 polygons
2026-06-03 11:04:51 +0200: Memory Usage (446052K) : backmetal1_text has 0 polygons
2026-06-03 11:04:51 +0200: Memory Usage (446180K) : backmetal1_OPC has 0 polygons
2026-06-03 11:04:51 +0200: Memory Usage (446308K) : backmetal1_noqrc has 0 polygons
2026-06-03 11:04:51 +0200: Memory Usage (446436K) : backmetal1_res has 0 polygons
2026-06-03 11:04:51 +0200: Memory Usage (446564K) : backmetal1_iprobe has 0 polygons
2026-06-03 11:04:51 +0200: Memory Usage (446692K) : backmetal1_diffprb has 0 polygons
2026-06-03 11:04:51 +0200: Memory Usage (446820K) : backpassiv_drw has 0 polygons
2026-06-03 11:04:51 +0200: Memory Usage (446948K) : res_drw has 0 polygons
2026-06-03 11:04:51 +0200: Memory Usage (447076K) : sram_drw has 0 polygons
2026-06-03 11:04:51 +0200: Memory Usage (447204K) : trans_drw has 0 polygons
2026-06-03 11:04:51 +0200: Memory Usage (447332K) : ind_drw has 0 polygons
2026-06-03 11:04:51 +0200: Memory Usage (447460K) : ind_pin has 0 polygons
2026-06-03 11:04:51 +0200: Memory Usage (447588K) : ind_text has 0 polygons
2026-06-03 11:04:51 +0200: Memory Usage (447716K) : salblock_drw has 3 polygons
2026-06-03 11:04:51 +0200: Memory Usage (447972K) : via2_drw has 1656 polygons
2026-06-03 11:04:51 +0200: Memory Usage (448228K) : metal3_drw has 12 polygons
2026-06-03 11:04:51 +0200: Memory Usage (448228K) : metal3_filler has 0 polygons
2026-06-03 11:04:51 +0200: Memory Usage (448228K) : metal3_slit has 0 polygons
2026-06-03 11:04:51 +0200: Memory Usage (448356K) : metal3 has 12 polygons
2026-06-03 11:04:51 +0200: Memory Usage (448484K) : metal3_pin has 12 polygons
2026-06-03 11:04:51 +0200: Memory Usage (448612K) : metal3_mask has 0 polygons
2026-06-03 11:04:51 +0200: Memory Usage (448740K) : metal3_nofill has 0 polygons
2026-06-03 11:04:51 +0200: Memory Usage (448868K) : metal3_text has 12 polygons
2026-06-03 11:04:51 +0200: Memory Usage (448996K) : metal3_OPC has 0 polygons
2026-06-03 11:04:51 +0200: Memory Usage (449124K) : metal3_noqrc has 0 polygons
2026-06-03 11:04:51 +0200: Memory Usage (449252K) : metal3_res has 0 polygons
2026-06-03 11:04:51 +0200: Memory Usage (449380K) : metal3_iprobe has 0 polygons
2026-06-03 11:04:51 +0200: Memory Usage (449508K) : metal3_diffprb has 0 polygons
2026-06-03 11:04:51 +0200: Memory Usage (449636K) : nwell_drw has 7 polygons
2026-06-03 11:04:51 +0200: Memory Usage (449764K) : nwell_pin has 0 polygons
2026-06-03 11:04:51 +0200: Memory Usage (449764K) : nwell_text has 0 polygons
2026-06-03 11:04:51 +0200: Memory Usage (449892K) : nbulay_drw has 0 polygons
2026-06-03 11:04:51 +0200: Memory Usage (450020K) : nbulay_pin has 0 polygons
2026-06-03 11:04:51 +0200: Memory Usage (450148K) : nbulay_block has 0 polygons
2026-06-03 11:04:51 +0200: Memory Usage (450276K) : emwind_drw has 0 polygons
2026-06-03 11:04:51 +0200: Memory Usage (450404K) : emwind_OPC has 0 polygons
2026-06-03 11:04:51 +0200: Memory Usage (450532K) : deepco_drw has 0 polygons
2026-06-03 11:04:51 +0200: Memory Usage (450788K) : mim_drw has 0 polygons
2026-06-03 11:04:51 +0200: Memory Usage (450916K) : edgeseal_drw has 0 polygons
2026-06-03 11:04:51 +0200: Memory Usage (451044K) : substrate_drw has 18 polygons
2026-06-03 11:04:51 +0200: Memory Usage (451044K) : substrate_text has 0 polygons
2026-06-03 11:04:51 +0200: Memory Usage (451172K) : dfpad_drw has 0 polygons
2026-06-03 11:04:51 +0200: Memory Usage (451300K) : dfpad_pillar has 0 polygons
2026-06-03 11:04:51 +0200: Memory Usage (451428K) : dfpad_sbump has 0 polygons
2026-06-03 11:04:51 +0200: Memory Usage (451556K) : thickgateox_drw has 7 polygons
2026-06-03 11:04:51 +0200: Memory Usage (451684K) : pldb_drw has 0 polygons
2026-06-03 11:04:51 +0200: Memory Usage (451812K) : pwell_drw has 0 polygons
2026-06-03 11:04:51 +0200: Memory Usage (451940K) : pwell_pin has 0 polygons
2026-06-03 11:04:51 +0200: Memory Usage (452068K) : pwell_block has 0 polygons
2026-06-03 11:04:51 +0200: Memory Usage (452196K) : ic_drw has 0 polygons
2026-06-03 11:04:51 +0200: Memory Usage (452580K) : via3_drw has 2087 polygons
2026-06-03 11:04:51 +0200: Memory Usage (452964K) : metal4_drw has 8 polygons
2026-06-03 11:04:51 +0200: Memory Usage (452964K) : metal4_filler has 0 polygons
2026-06-03 11:04:51 +0200: Memory Usage (452964K) : metal4_slit has 0 polygons
2026-06-03 11:04:51 +0200: Memory Usage (452964K) : metal4 has 8 polygons
2026-06-03 11:04:51 +0200: Memory Usage (452964K) : metal4_pin has 8 polygons
2026-06-03 11:04:51 +0200: Memory Usage (452964K) : metal4_mask has 0 polygons
2026-06-03 11:04:51 +0200: Memory Usage (453092K) : metal4_nofill has 0 polygons
2026-06-03 11:04:51 +0200: Memory Usage (453220K) : metal4_text has 8 polygons
2026-06-03 11:04:51 +0200: Memory Usage (453348K) : metal4_OPC has 0 polygons
2026-06-03 11:04:51 +0200: Memory Usage (453476K) : metal4_noqrc has 0 polygons
2026-06-03 11:04:51 +0200: Memory Usage (453604K) : metal4_res has 0 polygons
2026-06-03 11:04:51 +0200: Memory Usage (453732K) : metal4_iprobe has 0 polygons
2026-06-03 11:04:51 +0200: Memory Usage (453860K) : metal4_diffprb has 0 polygons
2026-06-03 11:04:51 +0200: Memory Usage (453988K) : heattrans_drw has 0 polygons
2026-06-03 11:04:51 +0200: Memory Usage (454116K) : heatres_drw has 4 polygons
2026-06-03 11:04:51 +0200: Memory Usage (454244K) : fbe_drw has 0 polygons
2026-06-03 11:04:51 +0200: Memory Usage (454372K) : empoly_drw has 0 polygons
2026-06-03 11:04:51 +0200: Memory Usage (454500K) : digisub_drw has 0 polygons
2026-06-03 11:04:51 +0200: Memory Usage (454500K) : text_drw has 40 polygons
2026-06-03 11:04:51 +0200: Memory Usage (455012K) : via4_drw has 2371 polygons
2026-06-03 11:04:51 +0200: Memory Usage (455268K) : metal5_drw has 8 polygons
2026-06-03 11:04:51 +0200: Memory Usage (455268K) : metal5_filler has 0 polygons
2026-06-03 11:04:51 +0200: Memory Usage (455268K) : metal5_slit has 0 polygons
2026-06-03 11:04:51 +0200: Memory Usage (455268K) : metal5 has 8 polygons
2026-06-03 11:04:51 +0200: Memory Usage (455396K) : metal5_pin has 8 polygons
2026-06-03 11:04:51 +0200: Memory Usage (455396K) : metal5_mask has 0 polygons
2026-06-03 11:04:51 +0200: Memory Usage (455524K) : metal5_nofill has 0 polygons
2026-06-03 11:04:51 +0200: Memory Usage (455652K) : metal5_text has 8 polygons
2026-06-03 11:04:51 +0200: Memory Usage (455780K) : metal5_OPC has 0 polygons
2026-06-03 11:04:51 +0200: Memory Usage (455908K) : metal5_noqrc has 0 polygons
2026-06-03 11:04:51 +0200: Memory Usage (456036K) : metal5_res has 0 polygons
2026-06-03 11:04:51 +0200: Memory Usage (456164K) : metal5_iprobe has 0 polygons
2026-06-03 11:04:51 +0200: Memory Usage (456292K) : metal5_diffprb has 0 polygons
2026-06-03 11:04:51 +0200: Memory Usage (456420K) : radhard_drw has 0 polygons
2026-06-03 11:04:51 +0200: Memory Usage (456548K) : memcap_drw has 0 polygons
2026-06-03 11:04:51 +0200: Memory Usage (456676K) : varicap_drw has 0 polygons
2026-06-03 11:04:51 +0200: Memory Usage (456804K) : intbondvia_drw has 0 polygons
2026-06-03 11:04:51 +0200: Memory Usage (456932K) : intbondmet_drw has 0 polygons
2026-06-03 11:04:51 +0200: Memory Usage (457060K) : devbondvia_drw has 0 polygons
2026-06-03 11:04:51 +0200: Memory Usage (457188K) : devbondmet_drw has 0 polygons
2026-06-03 11:04:51 +0200: Memory Usage (457316K) : devtrench_drw has 0 polygons
2026-06-03 11:04:51 +0200: Memory Usage (457444K) : redist_drw has 0 polygons
2026-06-03 11:04:51 +0200: Memory Usage (457572K) : graphbot_drw has 0 polygons
2026-06-03 11:04:51 +0200: Memory Usage (457700K) : graphtop_drw has 0 polygons
2026-06-03 11:04:51 +0200: Memory Usage (457828K) : antvia1_drw has 0 polygons
2026-06-03 11:04:51 +0200: Memory Usage (457956K) : antmetal2_drw has 0 polygons
2026-06-03 11:04:51 +0200: Memory Usage (458084K) : graphcont_drw has 0 polygons
2026-06-03 11:04:51 +0200: Memory Usage (458212K) : siwg_drw has 0 polygons
2026-06-03 11:04:51 +0200: Memory Usage (458340K) : siwg_filler has 0 polygons
2026-06-03 11:04:51 +0200: Memory Usage (458468K) : siwg_nofill has 0 polygons
2026-06-03 11:04:51 +0200: Memory Usage (458724K) : sigrating_drw has 0 polygons
2026-06-03 11:04:51 +0200: Memory Usage (458852K) : singrating_drw has 0 polygons
2026-06-03 11:04:51 +0200: Memory Usage (458980K) : graphpas_drw has 0 polygons
2026-06-03 11:04:51 +0200: Memory Usage (459108K) : emwind3_drw has 0 polygons
2026-06-03 11:04:51 +0200: Memory Usage (459236K) : emwihv3_drw has 0 polygons
2026-06-03 11:04:51 +0200: Memory Usage (459364K) : redbulay_drw has 0 polygons
2026-06-03 11:04:51 +0200: Memory Usage (459492K) : smos_drw has 0 polygons
2026-06-03 11:04:51 +0200: Memory Usage (459620K) : graphpad_drw has 0 polygons
2026-06-03 11:04:51 +0200: Memory Usage (459748K) : polimide_drw has 0 polygons
2026-06-03 11:04:51 +0200: Memory Usage (459876K) : polimide_pin has 0 polygons
2026-06-03 11:04:51 +0200: Memory Usage (460004K) : recog_drw has 0 polygons
2026-06-03 11:04:51 +0200: Memory Usage (460132K) : recog_pin has 0 polygons
2026-06-03 11:04:51 +0200: Memory Usage (460260K) : recog_esd has 0 polygons
2026-06-03 11:04:51 +0200: Memory Usage (460388K) : recog_diode has 8 polygons
2026-06-03 11:04:51 +0200: Memory Usage (460516K) : recog_tsv has 0 polygons
2026-06-03 11:04:51 +0200: Memory Usage (460644K) : recog_iprobe has 0 polygons
2026-06-03 11:04:51 +0200: Memory Usage (460772K) : recog_diffprb has 0 polygons
2026-06-03 11:04:51 +0200: Memory Usage (460900K) : recog_pillar has 0 polygons
2026-06-03 11:04:51 +0200: Memory Usage (461028K) : recog_sbump has 0 polygons
2026-06-03 11:04:51 +0200: Memory Usage (461156K) : recog_otp has 0 polygons
2026-06-03 11:04:51 +0200: Memory Usage (461284K) : recog_pdiode has 0 polygons
2026-06-03 11:04:51 +0200: Memory Usage (461412K) : recog_mom has 0 polygons
2026-06-03 11:04:51 +0200: Memory Usage (461540K) : recog_pcm has 0 polygons
2026-06-03 11:04:51 +0200: Memory Usage (461668K) : colopen_drw has 0 polygons
2026-06-03 11:04:51 +0200: Memory Usage (461796K) : graphmetal1_drw has 0 polygons
2026-06-03 11:04:51 +0200: Memory Usage (461924K) : graphmetal1_filler has 0 polygons
2026-06-03 11:04:51 +0200: Memory Usage (462052K) : graphmetal1_nofill has 0 polygons
2026-06-03 11:04:51 +0200: Memory Usage (462180K) : graphmetal1_slit has 0 polygons
2026-06-03 11:04:51 +0200: Memory Usage (462308K) : graphmetal1_OPC has 0 polygons
2026-06-03 11:04:51 +0200: Memory Usage (462436K) : graphmet1l_drw has 0 polygons
2026-06-03 11:04:51 +0200: Memory Usage (462564K) : graphmet1l_filler has 0 polygons
2026-06-03 11:04:51 +0200: Memory Usage (462692K) : graphmet1l_nofill has 0 polygons
2026-06-03 11:04:51 +0200: Memory Usage (462948K) : graphmet1l_slit has 0 polygons
2026-06-03 11:04:51 +0200: Memory Usage (463076K) : graphmet1l_OPC has 0 polygons
2026-06-03 11:04:51 +0200: Memory Usage (463204K) : extblock_drw has 3 polygons
2026-06-03 11:04:51 +0200: Memory Usage (463332K) : nldd_drw has 0 polygons
2026-06-03 11:04:51 +0200: Memory Usage (463460K) : pldd_drw has 0 polygons
2026-06-03 11:04:51 +0200: Memory Usage (463588K) : next_drw has 0 polygons
2026-06-03 11:04:51 +0200: Memory Usage (463716K) : pext_drw has 0 polygons
2026-06-03 11:04:51 +0200: Memory Usage (463844K) : nexthv_drw has 0 polygons
2026-06-03 11:04:51 +0200: Memory Usage (463972K) : pexthv_drw has 0 polygons
2026-06-03 11:04:51 +0200: Memory Usage (464100K) : graphgate_drw has 0 polygons
2026-06-03 11:04:51 +0200: Memory Usage (464228K) : sinwg_drw has 0 polygons
2026-06-03 11:04:51 +0200: Memory Usage (464356K) : sinwg_filler has 0 polygons
2026-06-03 11:04:51 +0200: Memory Usage (464484K) : sinwg_nofill has 0 polygons
2026-06-03 11:04:51 +0200: Memory Usage (464612K) : mempad_drw has 0 polygons
2026-06-03 11:04:51 +0200: Memory Usage (464996K) : topvia1_drw has 2315 polygons
2026-06-03 11:04:51 +0200: Memory Usage (465380K) : topmetal1_drw has 8 polygons
2026-06-03 11:04:51 +0200: Memory Usage (465380K) : topmetal1_filler has 0 polygons
2026-06-03 11:04:51 +0200: Memory Usage (465380K) : topmetal1_slit has 0 polygons
2026-06-03 11:04:51 +0200: Memory Usage (465380K) : topmetal1 has 8 polygons
2026-06-03 11:04:51 +0200: Memory Usage (465508K) : topmetal1_pin has 8 polygons
2026-06-03 11:04:51 +0200: Memory Usage (465636K) : topmetal1_mask has 0 polygons
2026-06-03 11:04:51 +0200: Memory Usage (465764K) : topmetal1_nofill has 0 polygons
2026-06-03 11:04:51 +0200: Memory Usage (465764K) : topmetal1_text has 8 polygons
2026-06-03 11:04:51 +0200: Memory Usage (465892K) : topmetal1_noqrc has 0 polygons
2026-06-03 11:04:51 +0200: Memory Usage (466020K) : topmetal1_res has 0 polygons
2026-06-03 11:04:51 +0200: Memory Usage (466148K) : topmetal1_iprobe has 0 polygons
2026-06-03 11:04:51 +0200: Memory Usage (466276K) : topmetal1_diffprb has 0 polygons
2026-06-03 11:04:51 +0200: Memory Usage (466404K) : inldpwl_drw has 0 polygons
2026-06-03 11:04:51 +0200: Memory Usage (466532K) : polyres_drw has 3 polygons
2026-06-03 11:04:51 +0200: Memory Usage (466660K) : polyres_pin has 0 polygons
2026-06-03 11:04:51 +0200: Memory Usage (466788K) : vmim_drw has 0 polygons
2026-06-03 11:04:51 +0200: Memory Usage (466916K) : nbulaycut_drw has 0 polygons
2026-06-03 11:04:51 +0200: Memory Usage (467172K) : antmetal1_drw has 0 polygons
2026-06-03 11:04:51 +0200: Memory Usage (467300K) : topvia2_drw has 1593 polygons
2026-06-03 11:04:51 +0200: Memory Usage (467684K) : topmetal2_drw has 6 polygons
2026-06-03 11:04:51 +0200: Memory Usage (467684K) : topmetal2_filler has 0 polygons
2026-06-03 11:04:51 +0200: Memory Usage (467684K) : topmetal2_slit has 0 polygons
2026-06-03 11:04:51 +0200: Memory Usage (467812K) : topmetal2 has 6 polygons
2026-06-03 11:04:51 +0200: Memory Usage (467940K) : topmetal2_pin has 6 polygons
2026-06-03 11:04:51 +0200: Memory Usage (468068K) : topmetal2_mask has 0 polygons
2026-06-03 11:04:51 +0200: Memory Usage (468196K) : topmetal2_nofill has 0 polygons
2026-06-03 11:04:51 +0200: Memory Usage (468324K) : topmetal2_text has 6 polygons
2026-06-03 11:04:51 +0200: Memory Usage (468452K) : topmetal2_noqrc has 0 polygons
2026-06-03 11:04:51 +0200: Memory Usage (468580K) : topmetal2_res has 0 polygons
2026-06-03 11:04:51 +0200: Memory Usage (468708K) : topmetal2_iprobe has 0 polygons
2026-06-03 11:04:51 +0200: Memory Usage (468836K) : topmetal2_diffprb has 0 polygons
2026-06-03 11:04:51 +0200: Memory Usage (468964K) : snsring_drw has 0 polygons
2026-06-03 11:04:51 +0200: Memory Usage (469092K) : sensor_drw has 0 polygons
2026-06-03 11:04:51 +0200: Memory Usage (469220K) : snsarms_drw has 0 polygons
2026-06-03 11:04:51 +0200: Memory Usage (469348K) : snscmosvia_drw has 0 polygons
2026-06-03 11:04:51 +0200: Memory Usage (469476K) : colwind_drw has 0 polygons
2026-06-03 11:04:51 +0200: Memory Usage (469604K) : flm_drw has 0 polygons
2026-06-03 11:04:51 +0200: Memory Usage (469732K) : hafniumox_drw has 0 polygons
2026-06-03 11:04:51 +0200: Memory Usage (469860K) : memvia_drw has 0 polygons
2026-06-03 11:04:51 +0200: Memory Usage (469988K) : thinfilmres_drw has 0 polygons
2026-06-03 11:04:51 +0200: Memory Usage (470116K) : rfmem_drw has 0 polygons
2026-06-03 11:04:51 +0200: Memory Usage (470116K) : norcx_drw has 0 polygons
2026-06-03 11:04:51 +0200: Memory Usage (470116K) : norcx_m2m3 has 0 polygons
2026-06-03 11:04:52 +0200: Memory Usage (470116K) : norcx_m2m4 has 0 polygons
2026-06-03 11:04:52 +0200: Memory Usage (470116K) : norcx_m2m5 has 0 polygons
2026-06-03 11:04:52 +0200: Memory Usage (470116K) : norcx_m2tm1 has 0 polygons
2026-06-03 11:04:52 +0200: Memory Usage (470116K) : norcx_m2tm2 has 0 polygons
2026-06-03 11:04:52 +0200: Memory Usage (470116K) : norcx_m3m4 has 0 polygons
2026-06-03 11:04:52 +0200: Memory Usage (470116K) : norcx_m3m5 has 0 polygons
2026-06-03 11:04:52 +0200: Memory Usage (470116K) : norcx_m3tm1 has 0 polygons
2026-06-03 11:04:52 +0200: Memory Usage (470116K) : norcx_m3tm2 has 0 polygons
2026-06-03 11:04:52 +0200: Memory Usage (470116K) : norcx_m4m5 has 0 polygons
2026-06-03 11:04:52 +0200: Memory Usage (470116K) : norcx_m4tm1 has 0 polygons
2026-06-03 11:04:52 +0200: Memory Usage (470116K) : norcx_m4tm2 has 0 polygons
2026-06-03 11:04:52 +0200: Memory Usage (470116K) : norcx_m5tm1 has 0 polygons
2026-06-03 11:04:52 +0200: Memory Usage (470116K) : norcx_m5tm2 has 0 polygons
2026-06-03 11:04:52 +0200: Memory Usage (470116K) : norcx_tm1tm2 has 0 polygons
2026-06-03 11:04:52 +0200: Memory Usage (470116K) : norcx_m1sub has 0 polygons
2026-06-03 11:04:52 +0200: Memory Usage (470116K) : norcx_m2sub has 0 polygons
2026-06-03 11:04:52 +0200: Memory Usage (470116K) : norcx_m3sub has 0 polygons
2026-06-03 11:04:52 +0200: Memory Usage (470116K) : norcx_m4sub has 0 polygons
2026-06-03 11:04:52 +0200: Memory Usage (470116K) : norcx_m5sub has 0 polygons
2026-06-03 11:04:52 +0200: Memory Usage (470116K) : norcx_tm1sub has 0 polygons
2026-06-03 11:04:52 +0200: Memory Usage (470116K) : norcx_tm2sub has 0 polygons
2026-06-03 11:04:52 +0200: Memory Usage (470116K) : snsbotvia_drw has 0 polygons
2026-06-03 11:04:52 +0200: Memory Usage (470116K) : snstopvia_drw has 0 polygons
2026-06-03 11:04:52 +0200: Memory Usage (470116K) : deepvia_drw has 0 polygons
2026-06-03 11:04:52 +0200: Memory Usage (470116K) : fgetch_drw has 0 polygons
2026-06-03 11:04:52 +0200: Memory Usage (470116K) : ctrgat_drw has 0 polygons
2026-06-03 11:04:52 +0200: Memory Usage (470116K) : fgimp_drw has 0 polygons
2026-06-03 11:04:52 +0200: Memory Usage (470116K) : emwihv_drw has 0 polygons
2026-06-03 11:04:52 +0200: Memory Usage (470116K) : lbe_drw has 0 polygons
2026-06-03 11:04:52 +0200: Memory Usage (470116K) : alcustop_drw has 0 polygons
2026-06-03 11:04:52 +0200: Memory Usage (470116K) : nometfiller_drw has 0 polygons
2026-06-03 11:04:52 +0200: Memory Usage (470116K) : prboundary_drw has 0 polygons
2026-06-03 11:04:52 +0200: Memory Usage (470116K) : exchange0_drw has 0 polygons
2026-06-03 11:04:52 +0200: Memory Usage (470116K) : exchange0_pin has 0 polygons
2026-06-03 11:04:52 +0200: Memory Usage (470116K) : exchange0_text has 0 polygons
2026-06-03 11:04:52 +0200: Memory Usage (470116K) : exchange1_drw has 0 polygons
2026-06-03 11:04:52 +0200: Memory Usage (470116K) : exchange1_pin has 0 polygons
2026-06-03 11:04:52 +0200: Memory Usage (470116K) : exchange1_text has 0 polygons
2026-06-03 11:04:52 +0200: Memory Usage (470116K) : exchange2_drw has 0 polygons
2026-06-03 11:04:52 +0200: Memory Usage (470116K) : exchange2_pin has 0 polygons
2026-06-03 11:04:52 +0200: Memory Usage (470116K) : exchange2_text has 0 polygons
2026-06-03 11:04:52 +0200: Memory Usage (470116K) : exchange3_drw has 0 polygons
2026-06-03 11:04:52 +0200: Memory Usage (470116K) : exchange3_pin has 0 polygons
2026-06-03 11:04:52 +0200: Memory Usage (470116K) : exchange3_text has 0 polygons
2026-06-03 11:04:52 +0200: Memory Usage (470116K) : exchange4_drw has 0 polygons
2026-06-03 11:04:52 +0200: Memory Usage (470116K) : exchange4_pin has 0 polygons
2026-06-03 11:04:52 +0200: Memory Usage (470116K) : exchange4_text has 0 polygons
2026-06-03 11:04:52 +0200: Memory Usage (470116K) : isonwell_drw has 0 polygons
2026-06-03 11:04:52 +0200: Memory Usage (470116K) : Total no. of polygons in the design is 60702
2026-06-03 11:04:52 +0200: Memory Usage (470116K) : Starting base layers derivations
2026-06-03 11:04:52 +0200: Memory Usage (470116K) : Starting general LVS derivations
2026-06-03 11:04:52 +0200: Memory Usage (471340K) : Starting MOSFET DERIVATIONS
2026-06-03 11:04:52 +0200: Memory Usage (475480K) : Starting NMOS DERIVATIONS
2026-06-03 11:04:52 +0200: Memory Usage (475480K) : Starting PMOS DERIVATIONS
2026-06-03 11:04:52 +0200: Memory Usage (475480K) : Starting RF-MOSFET DERIVATIONS
2026-06-03 11:04:52 +0200: Memory Usage (475480K) : Starting RF-NMOS DERIVATIONS
2026-06-03 11:04:52 +0200: Memory Usage (475480K) : Starting RF-PMOS DERIVATIONS
2026-06-03 11:04:52 +0200: Memory Usage (475480K) : Starting BJT DERIVATIONS
2026-06-03 11:04:52 +0200: Memory Usage (475480K) : Starting NPN-BJT DERIVATIONS
2026-06-03 11:04:52 +0200: Memory Usage (475480K) : Starting PNP-BJT DERIVATIONS
2026-06-03 11:04:52 +0200: Memory Usage (475480K) : Starting DIODE DERIVATIONS
2026-06-03 11:04:52 +0200: Memory Usage (489304K) : Starting RESISTOR DERIVATIONS
2026-06-03 11:04:52 +0200: Memory Usage (489484K) : Starting CAP DERIVATIONS
2026-06-03 11:04:52 +0200: Memory Usage (489484K) : Starting ESD DERIVATIONS
2026-06-03 11:04:52 +0200: Memory Usage (494732K) : Starting Inductor DERIVATIONS
2026-06-03 11:04:52 +0200: Memory Usage (498828K) : Starting Taps DERIVATIONS
2026-06-03 11:04:52 +0200: Memory Usage (499084K) : Starting SG13G2 LVS connectivity setup
2026-06-03 11:04:52 +0200: Memory Usage (499084K) : Starting SG13G2 LVS connectivity setup (Inter-layer)
2026-06-03 11:04:52 +0200: Memory Usage (499468K) : Starting SG13G2 LVS connectivity setup (Global)
2026-06-03 11:04:52 +0200: Memory Usage (499468K) : Starting LVS MOSFET CONNECTIONS
2026-06-03 11:04:52 +0200: Memory Usage (499468K) : Starting LVS RF-MOSFET CONNECTIONS
2026-06-03 11:04:52 +0200: Memory Usage (499468K) : Starting LVS BJT CONNECTIONS
2026-06-03 11:04:52 +0200: Memory Usage (499468K) : Starting LVS DIODE CONNECTIONS
2026-06-03 11:04:52 +0200: Memory Usage (499468K) : Starting RESISTOR CONNECTIONS
2026-06-03 11:04:52 +0200: Memory Usage (499468K) : Starting LVS CAP CONNECTIONS
2026-06-03 11:04:52 +0200: Memory Usage (499468K) : Starting ESD CONNECTIONS
2026-06-03 11:04:52 +0200: Memory Usage (499468K) : Starting Inductor CONNECTIONS
2026-06-03 11:04:52 +0200: Memory Usage (499468K) : Starting LVS Taps CONNECTIONS
2026-06-03 11:04:52 +0200: Memory Usage (499468K) : Starting SG13G2 LVS DEVICES EXTRACTION
2026-06-03 11:04:52 +0200: Memory Usage (499468K) : Starting MOSFET EXTRACTION
2026-06-03 11:04:52 +0200: Memory Usage (499468K) : Starting NMOS EXTRACTION
2026-06-03 11:04:52 +0200: Memory Usage (499468K) : Extraction of NMOS-LV transistor
2026-06-03 11:04:52 +0200: Memory Usage (499724K) : Extraction of NMOS-HV transistor
2026-06-03 11:04:52 +0200: Memory Usage (499724K) : Starting PMOS EXTRACTION
2026-06-03 11:04:52 +0200: Memory Usage (499724K) : Extraction of PMOS-LV transistor
2026-06-03 11:04:52 +0200: Memory Usage (499724K) : Extraction of PMOS-HV transistor
2026-06-03 11:04:52 +0200: Memory Usage (499724K) : Starting RF-MOSFET EXTRACTION
2026-06-03 11:04:52 +0200: Memory Usage (499724K) : Extraction of RF-NMOS-LV transistor
2026-06-03 11:04:52 +0200: Memory Usage (499724K) : Extraction of RF-NMOS-HV transistor
2026-06-03 11:04:52 +0200: Memory Usage (499724K) : Extraction of RF-PMOS-LV transistor
2026-06-03 11:04:52 +0200: Memory Usage (499724K) : Extraction of RF-PMOS-HV transistor
2026-06-03 11:04:52 +0200: Memory Usage (499724K) : Starting BJT EXTRACTION
2026-06-03 11:04:52 +0200: Memory Usage (499724K) : Starting NPN-BJT EXTRACTION
2026-06-03 11:04:52 +0200: Memory Usage (499724K) : Extraction of npn13G2 BJT transistor
2026-06-03 11:04:52 +0200: Memory Usage (499724K) : Extraction of npn13G2L BJT transistor
2026-06-03 11:04:52 +0200: Memory Usage (499724K) : Extraction of npn13G2V BJT transistor
2026-06-03 11:04:52 +0200: Memory Usage (499724K) : Starting PNP-BJT EXTRACTION
2026-06-03 11:04:52 +0200: Memory Usage (499724K) : Extracting pnpMPA BJT
2026-06-03 11:04:52 +0200: Memory Usage (499724K) : Starting DIODE EXTRACTION
2026-06-03 11:04:52 +0200: Memory Usage (499724K) : Extracting dantenna diode
2026-06-03 11:04:52 +0200: Memory Usage (499724K) : Extracting dpantenna diode
2026-06-03 11:04:52 +0200: Memory Usage (499724K) : Extracting schottky_nbl1 diode
2026-06-03 11:04:52 +0200: Memory Usage (499724K) : Extracting isolbox diode
2026-06-03 11:04:52 +0200: Memory Usage (499724K) : Starting RESISTOR EXTRACTION
2026-06-03 11:04:52 +0200: Memory Usage (499724K) : Extracting rsil resistor
2026-06-03 11:04:52 +0200: Memory Usage (499724K) : Extracting rppd resistor
2026-06-03 11:04:52 +0200: Memory Usage (500284K) : Extracting rhigh resistor
2026-06-03 11:04:52 +0200: Memory Usage (500284K) : Extracting res_metal1 resistor
2026-06-03 11:04:52 +0200: Memory Usage (500284K) : Extracting res_metal2 resistor
2026-06-03 11:04:52 +0200: Memory Usage (500284K) : Extracting res_metal3 resistor
2026-06-03 11:04:52 +0200: Memory Usage (500284K) : Extracting res_metal4 resistor
2026-06-03 11:04:52 +0200: Memory Usage (500284K) : Extracting res_metal5 resistor
2026-06-03 11:04:52 +0200: Memory Usage (500284K) : Extracting res_topmetal1 resistor
2026-06-03 11:04:52 +0200: Memory Usage (500284K) : Extracting res_topmetal2 resistor
2026-06-03 11:04:52 +0200: Memory Usage (500284K) : Starting CAP EXTRACTION
2026-06-03 11:04:52 +0200: Memory Usage (500284K) : Extracting cap_cmim device
2026-06-03 11:04:52 +0200: Memory Usage (500284K) : Extracting rfcmim device
2026-06-03 11:04:52 +0200: Memory Usage (500284K) : Extracting sg13_hv_svaricap varactor
2026-06-03 11:04:52 +0200: Memory Usage (500284K) : Starting ESD EXTRACTION
2026-06-03 11:04:52 +0200: Memory Usage (500284K) : Extracting diodevdd_2kv ESD device
2026-06-03 11:04:52 +0200: Memory Usage (500284K) : Extracting diodevdd_4kv ESD device
2026-06-03 11:04:52 +0200: Memory Usage (500284K) : Extracting diodevss_2kv ESD device
2026-06-03 11:04:52 +0200: Memory Usage (500284K) : Extracting diodevss_4kv ESD device
2026-06-03 11:04:52 +0200: Memory Usage (500284K) : Extracting idiodevdd_2kv ESD device
2026-06-03 11:04:52 +0200: Memory Usage (500284K) : Extracting idiodevdd_4kv ESD device
2026-06-03 11:04:52 +0200: Memory Usage (500284K) : Extracting idiodevss_2kv ESD device
2026-06-03 11:04:52 +0200: Memory Usage (500284K) : Extracting idiodevss_4kv ESD device
2026-06-03 11:04:52 +0200: Memory Usage (500284K) : Extracting nmoscl_2 ESD device
2026-06-03 11:04:52 +0200: Memory Usage (500284K) : Extracting nmoscl_4 ESD device
2026-06-03 11:04:52 +0200: Memory Usage (500284K) : Starting Inductor EXTRACTION
2026-06-03 11:04:52 +0200: Memory Usage (500284K) : Extracting Inductor2 device
2026-06-03 11:04:52 +0200: Memory Usage (500284K) : Extracting Inductor3 device
2026-06-03 11:04:52 +0200: Memory Usage (500284K) : Starting Taps EXTRACTION
2026-06-03 11:04:52 +0200: Memory Usage (500284K) : Extracting ntap1 device
2026-06-03 11:04:52 +0200: Memory Usage (500284K) : Extracting ptap1 device
2026-06-03 11:04:52 +0200: Memory Usage (500284K) : Starting SG13G2 LVS RF MOS Model Mapping
2026-06-03 11:04:52 +0200: Memory Usage (501744K) : [layout_netlist] Apply RF MOS model mapping and rfmode parameter.
2026-06-03 11:04:52 +0200: Memory Usage (501744K) : Starting SG13G2 LVS Options Preparations
2026-06-03 11:04:52 +0200: Memory Usage (501744K) : SG13G2 LVS flow: extraction -> alignment -> option preparation -> comparison.
2026-06-03 11:04:52 +0200: Memory Usage (501744K) : Starting SG13G2 LVS Alignment
2026-06-03 11:04:52 +0200: Memory Usage (501872K) : Starting SG13G2 LVS Simplification
2026-06-03 11:04:52 +0200: Memory Usage (501872K) : [layout_netlist] simplify: ENABLED
2026-06-03 11:04:52 +0200: Memory Usage (501872K) : [layout_netlist] make_top_level_pins: SKIPPED
2026-06-03 11:04:52 +0200: Memory Usage (501872K) : [layout_netlist] combine_devices: ENABLED
2026-06-03 11:04:52 +0200: Memory Usage (501872K) : [layout_netlist] purge: SKIPPED
2026-06-03 11:04:52 +0200: Memory Usage (501872K) : [layout_netlist] purge_nets: SKIPPED
2026-06-03 11:04:52 +0200: Memory Usage (501872K) : [schematic_netlist] simplify: ENABLED
2026-06-03 11:04:52 +0200: Memory Usage (501872K) : [schematic_netlist] make_top_level_pins: SKIPPED
2026-06-03 11:04:52 +0200: Memory Usage (501872K) : [schematic_netlist] combine_devices: ENABLED
2026-06-03 11:04:52 +0200: Memory Usage (501872K) : [schematic_netlist] purge: SKIPPED
2026-06-03 11:04:52 +0200: Memory Usage (501872K) : [schematic_netlist] purge_nets: SKIPPED
2026-06-03 11:04:52 +0200: Memory Usage (501872K) : Starting SG13G2 LVS Comparison
2026-06-03 11:04:52 +0200: Memory Usage (502000K) : ==========================================
2026-06-03 11:04:52 +0200: Memory Usage (502000K) : INFO : Congratulations! Netlists match.
2026-06-03 11:04:52 +0200: Memory Usage (502000K) : ==========================================
2026-06-03 11:04:52 +0200: Memory Usage (502000K) : LVS Total Run time 1.346218 seconds
