# Logfile created on 2026-06-02 16:12:14 +0200 by logger.rb/v1.4.3
2026-06-02 16:12:14 +0200: Memory Usage (429604K) : Starting running SG13G2 Klayout LVS runset on /home/designer/shared/hm-openpdk-library/libs.tech/gds/hm_IOPadInOut30mA_OpenDrain_PUPD.gds
2026-06-02 16:12:14 +0200: Memory Usage (429604K) : Ruby Version for klayout: 3.0.2
2026-06-02 16:12:14 +0200: Memory Usage (432240K) : Loading database to memory is complete.
2026-06-02 16:12:14 +0200: Memory Usage (432240K) : SG13G2 Klayout LVS runset output at: /home/designer/shared/hm-openpdk-library/libs.tech/gds/lvs_run_hm_IOPadInOut30mA_OpenDrain_PUPD_2026_06_02_16_12_13/hm_IOPadInOut30mA_OpenDrain_PUPD.lvsdb
2026-06-02 16:12:14 +0200: Memory Usage (432240K) : Evaluate switches.
2026-06-02 16:12:14 +0200: Memory Usage (432240K) : Extracted netlist with net names: true
2026-06-02 16:12:14 +0200: Memory Usage (432240K) : Extracted netlist with comments in details: false
2026-06-02 16:12:14 +0200: Memory Usage (432240K) : Selected NET_ONLY option: false
2026-06-02 16:12:14 +0200: Memory Usage (432240K) : Selected LAYOUT_NETLIST option: (none)
2026-06-02 16:12:14 +0200: Memory Usage (432240K) : Selected IGNORE_TOP_PORTS_MISMATCH option: true
2026-06-02 16:12:14 +0200: Memory Usage (432240K) : Selected IMPLICIT_NETS option: (none)
2026-06-02 16:12:14 +0200: Memory Usage (432240K) : Selected TOP_LVL_PINS option: false
2026-06-02 16:12:14 +0200: Memory Usage (432240K) : Selected COMBINE DEVICES option: false
2026-06-02 16:12:14 +0200: Memory Usage (432240K) : Selected PURGE option: false
2026-06-02 16:12:14 +0200: Memory Usage (432240K) : Selected PURGE_NETS option: false
2026-06-02 16:12:14 +0200: Memory Usage (432240K) : Selected SIMPLIFY option: true
2026-06-02 16:12:14 +0200: Memory Usage (432240K) : Selected SERIES_RES option: false
2026-06-02 16:12:14 +0200: Memory Usage (432240K) : Selected PARALLEL_RES option: true
2026-06-02 16:12:14 +0200: Memory Usage (432240K) : deep  mode is enabled.
2026-06-02 16:12:14 +0200: Memory Usage (433380K) : Netlist file: /home/designer/shared/hm-openpdk-library/libs.tech/xschem/simulations/hm_IOPadInOut30mA_OpenDrain_PUPD.spice
2026-06-02 16:12:14 +0200: Memory Usage (433380K) : LVS extracted netlist at: /home/designer/shared/hm-openpdk-library/libs.tech/gds/lvs_run_hm_IOPadInOut30mA_OpenDrain_PUPD_2026_06_02_16_12_13/hm_IOPadInOut30mA_OpenDrain_PUPD_extracted.cir
2026-06-02 16:12:14 +0200: Memory Usage (433380K) : Applying SRAM integration support.
2026-06-02 16:12:14 +0200: Memory Usage (433380K) : Starting SG13G2 LVS runset
2026-06-02 16:12:14 +0200: Memory Usage (433380K) : Read in polygons from layers.
2026-06-02 16:12:14 +0200: Memory Usage (434476K) : activ_drw has 177 polygons
2026-06-02 16:12:14 +0200: Memory Usage (434476K) : activ_filler has 0 polygons
2026-06-02 16:12:14 +0200: Memory Usage (434476K) : activ has 177 polygons
2026-06-02 16:12:14 +0200: Memory Usage (434476K) : activ_pin has 0 polygons
2026-06-02 16:12:14 +0200: Memory Usage (434476K) : activ_mask has 0 polygons
2026-06-02 16:12:14 +0200: Memory Usage (434476K) : activ_nofill has 0 polygons
2026-06-02 16:12:14 +0200: Memory Usage (434476K) : activ_OPC has 0 polygons
2026-06-02 16:12:14 +0200: Memory Usage (434476K) : activ_iOPC has 0 polygons
2026-06-02 16:12:14 +0200: Memory Usage (434476K) : activ_noqrc has 0 polygons
2026-06-02 16:12:14 +0200: Memory Usage (434476K) : biwind_drw has 0 polygons
2026-06-02 16:12:14 +0200: Memory Usage (434476K) : biwind_OPC has 0 polygons
2026-06-02 16:12:14 +0200: Memory Usage (434476K) : gatpoly_drw has 124 polygons
2026-06-02 16:12:14 +0200: Memory Usage (434476K) : gatpoly_filler has 0 polygons
2026-06-02 16:12:14 +0200: Memory Usage (434604K) : gatpoly has 124 polygons
2026-06-02 16:12:14 +0200: Memory Usage (434604K) : gatpoly_pin has 0 polygons
2026-06-02 16:12:14 +0200: Memory Usage (434604K) : gatpoly_nofill has 0 polygons
2026-06-02 16:12:14 +0200: Memory Usage (434604K) : gatpoly_OPC has 0 polygons
2026-06-02 16:12:14 +0200: Memory Usage (434732K) : gatpoly_iOPC has 0 polygons
2026-06-02 16:12:14 +0200: Memory Usage (434732K) : gatpoly_noqrc has 0 polygons
2026-06-02 16:12:14 +0200: Memory Usage (436452K) : cont_drw has 47788 polygons
2026-06-02 16:12:14 +0200: Memory Usage (436452K) : cont_OPC has 0 polygons
2026-06-02 16:12:14 +0200: Memory Usage (436452K) : nsd_drw has 0 polygons
2026-06-02 16:12:14 +0200: Memory Usage (436452K) : nsd_block has 0 polygons
2026-06-02 16:12:14 +0200: Memory Usage (436452K) : metal1_drw has 501 polygons
2026-06-02 16:12:14 +0200: Memory Usage (436452K) : metal1_filler has 0 polygons
2026-06-02 16:12:14 +0200: Memory Usage (436452K) : metal1_slit has 0 polygons
2026-06-02 16:12:14 +0200: Memory Usage (436452K) : metal1 has 501 polygons
2026-06-02 16:12:14 +0200: Memory Usage (436452K) : metal1_pin has 102 polygons
2026-06-02 16:12:14 +0200: Memory Usage (436452K) : metal1_mask has 0 polygons
2026-06-02 16:12:14 +0200: Memory Usage (436452K) : metal1_nofill has 0 polygons
2026-06-02 16:12:14 +0200: Memory Usage (436748K) : metal1_text has 91 polygons
2026-06-02 16:12:14 +0200: Memory Usage (436876K) : metal1_OPC has 0 polygons
2026-06-02 16:12:14 +0200: Memory Usage (436876K) : metal1_noqrc has 0 polygons
2026-06-02 16:12:14 +0200: Memory Usage (436876K) : metal1_res has 0 polygons
2026-06-02 16:12:14 +0200: Memory Usage (437004K) : metal1_iprobe has 0 polygons
2026-06-02 16:12:14 +0200: Memory Usage (437004K) : metal1_diffprb has 0 polygons
2026-06-02 16:12:14 +0200: Memory Usage (437132K) : passiv_drw has 0 polygons
2026-06-02 16:12:14 +0200: Memory Usage (437260K) : passiv_pin has 0 polygons
2026-06-02 16:12:14 +0200: Memory Usage (437260K) : passiv_sbump has 0 polygons
2026-06-02 16:12:14 +0200: Memory Usage (437388K) : passiv_pillar has 0 polygons
2026-06-02 16:12:14 +0200: Memory Usage (437388K) : passiv_pdl has 0 polygons
2026-06-02 16:12:14 +0200: Memory Usage (437516K) : metal2_drw has 150 polygons
2026-06-02 16:12:14 +0200: Memory Usage (437516K) : metal2_filler has 0 polygons
2026-06-02 16:12:14 +0200: Memory Usage (437644K) : metal2_slit has 0 polygons
2026-06-02 16:12:14 +0200: Memory Usage (437772K) : metal2 has 150 polygons
2026-06-02 16:12:14 +0200: Memory Usage (437772K) : metal2_pin has 44 polygons
2026-06-02 16:12:14 +0200: Memory Usage (437900K) : metal2_mask has 0 polygons
2026-06-02 16:12:14 +0200: Memory Usage (437900K) : metal2_nofill has 0 polygons
2026-06-02 16:12:14 +0200: Memory Usage (438028K) : metal2_text has 42 polygons
2026-06-02 16:12:14 +0200: Memory Usage (438028K) : metal2_OPC has 0 polygons
2026-06-02 16:12:14 +0200: Memory Usage (438156K) : metal2_noqrc has 0 polygons
2026-06-02 16:12:14 +0200: Memory Usage (438156K) : metal2_res has 0 polygons
2026-06-02 16:12:14 +0200: Memory Usage (438156K) : metal2_iprobe has 0 polygons
2026-06-02 16:12:14 +0200: Memory Usage (438284K) : metal2_diffprb has 0 polygons
2026-06-02 16:12:14 +0200: Memory Usage (438284K) : baspoly_drw has 0 polygons
2026-06-02 16:12:14 +0200: Memory Usage (438412K) : baspoly_pin has 0 polygons
2026-06-02 16:12:14 +0200: Memory Usage (438412K) : psd_drw has 94 polygons
2026-06-02 16:12:14 +0200: Memory Usage (438540K) : nldb_drw has 0 polygons
2026-06-02 16:12:14 +0200: Memory Usage (438540K) : digibnd_drw has 0 polygons
2026-06-02 16:12:14 +0200: Memory Usage (438668K) : via1_drw has 2077 polygons
2026-06-02 16:12:14 +0200: Memory Usage (438668K) : backmetal1_drw has 0 polygons
2026-06-02 16:12:14 +0200: Memory Usage (438796K) : backmetal1_pin has 0 polygons
2026-06-02 16:12:14 +0200: Memory Usage (438924K) : backmetal1_mask has 0 polygons
2026-06-02 16:12:14 +0200: Memory Usage (438924K) : backmetal1_filler has 0 polygons
2026-06-02 16:12:14 +0200: Memory Usage (439052K) : backmetal1_nofill has 0 polygons
2026-06-02 16:12:14 +0200: Memory Usage (439052K) : backmetal1_slit has 0 polygons
2026-06-02 16:12:14 +0200: Memory Usage (439180K) : backmetal1_text has 0 polygons
2026-06-02 16:12:14 +0200: Memory Usage (439180K) : backmetal1_OPC has 0 polygons
2026-06-02 16:12:14 +0200: Memory Usage (439308K) : backmetal1_noqrc has 0 polygons
2026-06-02 16:12:14 +0200: Memory Usage (439308K) : backmetal1_res has 0 polygons
2026-06-02 16:12:14 +0200: Memory Usage (439436K) : backmetal1_iprobe has 0 polygons
2026-06-02 16:12:14 +0200: Memory Usage (439436K) : backmetal1_diffprb has 0 polygons
2026-06-02 16:12:14 +0200: Memory Usage (439564K) : backpassiv_drw has 0 polygons
2026-06-02 16:12:14 +0200: Memory Usage (439564K) : res_drw has 0 polygons
2026-06-02 16:12:14 +0200: Memory Usage (439692K) : sram_drw has 0 polygons
2026-06-02 16:12:14 +0200: Memory Usage (439692K) : trans_drw has 0 polygons
2026-06-02 16:12:14 +0200: Memory Usage (439820K) : ind_drw has 0 polygons
2026-06-02 16:12:14 +0200: Memory Usage (439820K) : ind_pin has 0 polygons
2026-06-02 16:12:14 +0200: Memory Usage (439820K) : ind_text has 0 polygons
2026-06-02 16:12:14 +0200: Memory Usage (439948K) : salblock_drw has 5 polygons
2026-06-02 16:12:14 +0200: Memory Usage (439948K) : via2_drw has 1656 polygons
2026-06-02 16:12:14 +0200: Memory Usage (440076K) : metal3_drw has 28 polygons
2026-06-02 16:12:14 +0200: Memory Usage (440076K) : metal3_filler has 0 polygons
2026-06-02 16:12:14 +0200: Memory Usage (440204K) : metal3_slit has 0 polygons
2026-06-02 16:12:14 +0200: Memory Usage (440332K) : metal3 has 28 polygons
2026-06-02 16:12:14 +0200: Memory Usage (440332K) : metal3_pin has 12 polygons
2026-06-02 16:12:14 +0200: Memory Usage (440460K) : metal3_mask has 0 polygons
2026-06-02 16:12:14 +0200: Memory Usage (440460K) : metal3_nofill has 0 polygons
2026-06-02 16:12:14 +0200: Memory Usage (440588K) : metal3_text has 12 polygons
2026-06-02 16:12:14 +0200: Memory Usage (440588K) : metal3_OPC has 0 polygons
2026-06-02 16:12:14 +0200: Memory Usage (440716K) : metal3_noqrc has 0 polygons
2026-06-02 16:12:14 +0200: Memory Usage (440716K) : metal3_res has 0 polygons
2026-06-02 16:12:14 +0200: Memory Usage (440844K) : metal3_iprobe has 0 polygons
2026-06-02 16:12:14 +0200: Memory Usage (440844K) : metal3_diffprb has 0 polygons
2026-06-02 16:12:14 +0200: Memory Usage (440972K) : nwell_drw has 43 polygons
2026-06-02 16:12:14 +0200: Memory Usage (440972K) : nwell_pin has 0 polygons
2026-06-02 16:12:14 +0200: Memory Usage (441100K) : nwell_text has 0 polygons
2026-06-02 16:12:14 +0200: Memory Usage (441100K) : nbulay_drw has 0 polygons
2026-06-02 16:12:14 +0200: Memory Usage (441228K) : nbulay_pin has 0 polygons
2026-06-02 16:12:14 +0200: Memory Usage (441228K) : nbulay_block has 0 polygons
2026-06-02 16:12:14 +0200: Memory Usage (441356K) : emwind_drw has 0 polygons
2026-06-02 16:12:14 +0200: Memory Usage (441356K) : emwind_OPC has 0 polygons
2026-06-02 16:12:14 +0200: Memory Usage (441356K) : deepco_drw has 0 polygons
2026-06-02 16:12:14 +0200: Memory Usage (441484K) : mim_drw has 0 polygons
2026-06-02 16:12:14 +0200: Memory Usage (441484K) : edgeseal_drw has 0 polygons
2026-06-02 16:12:14 +0200: Memory Usage (441612K) : substrate_drw has 41 polygons
2026-06-02 16:12:14 +0200: Memory Usage (441612K) : substrate_text has 0 polygons
2026-06-02 16:12:14 +0200: Memory Usage (441740K) : dfpad_drw has 0 polygons
2026-06-02 16:12:14 +0200: Memory Usage (441740K) : dfpad_pillar has 0 polygons
2026-06-02 16:12:14 +0200: Memory Usage (441868K) : dfpad_sbump has 0 polygons
2026-06-02 16:12:14 +0200: Memory Usage (441868K) : thickgateox_drw has 10 polygons
2026-06-02 16:12:14 +0200: Memory Usage (441996K) : pldb_drw has 0 polygons
2026-06-02 16:12:14 +0200: Memory Usage (441996K) : pwell_drw has 0 polygons
2026-06-02 16:12:14 +0200: Memory Usage (442124K) : pwell_pin has 0 polygons
2026-06-02 16:12:14 +0200: Memory Usage (442124K) : pwell_block has 0 polygons
2026-06-02 16:12:14 +0200: Memory Usage (442252K) : ic_drw has 0 polygons
2026-06-02 16:12:14 +0200: Memory Usage (442252K) : via3_drw has 2087 polygons
2026-06-02 16:12:14 +0200: Memory Usage (442508K) : metal4_drw has 8 polygons
2026-06-02 16:12:14 +0200: Memory Usage (442508K) : metal4_filler has 0 polygons
2026-06-02 16:12:14 +0200: Memory Usage (442508K) : metal4_slit has 0 polygons
2026-06-02 16:12:14 +0200: Memory Usage (442636K) : metal4 has 8 polygons
2026-06-02 16:12:14 +0200: Memory Usage (442764K) : metal4_pin has 8 polygons
2026-06-02 16:12:14 +0200: Memory Usage (442764K) : metal4_mask has 0 polygons
2026-06-02 16:12:14 +0200: Memory Usage (442892K) : metal4_nofill has 0 polygons
2026-06-02 16:12:14 +0200: Memory Usage (442892K) : metal4_text has 8 polygons
2026-06-02 16:12:14 +0200: Memory Usage (443020K) : metal4_OPC has 0 polygons
2026-06-02 16:12:14 +0200: Memory Usage (443020K) : metal4_noqrc has 0 polygons
2026-06-02 16:12:14 +0200: Memory Usage (443148K) : metal4_res has 0 polygons
2026-06-02 16:12:14 +0200: Memory Usage (443276K) : metal4_iprobe has 0 polygons
2026-06-02 16:12:14 +0200: Memory Usage (443276K) : metal4_diffprb has 0 polygons
2026-06-02 16:12:14 +0200: Memory Usage (443404K) : heattrans_drw has 0 polygons
2026-06-02 16:12:14 +0200: Memory Usage (443404K) : heatres_drw has 88 polygons
2026-06-02 16:12:14 +0200: Memory Usage (443532K) : fbe_drw has 0 polygons
2026-06-02 16:12:14 +0200: Memory Usage (443532K) : empoly_drw has 0 polygons
2026-06-02 16:12:14 +0200: Memory Usage (443660K) : digisub_drw has 0 polygons
2026-06-02 16:12:14 +0200: Memory Usage (443660K) : text_drw has 38 polygons
2026-06-02 16:12:14 +0200: Memory Usage (443788K) : via4_drw has 2371 polygons
2026-06-02 16:12:14 +0200: Memory Usage (443916K) : metal5_drw has 8 polygons
2026-06-02 16:12:14 +0200: Memory Usage (443916K) : metal5_filler has 0 polygons
2026-06-02 16:12:14 +0200: Memory Usage (444044K) : metal5_slit has 0 polygons
2026-06-02 16:12:14 +0200: Memory Usage (444172K) : metal5 has 8 polygons
2026-06-02 16:12:14 +0200: Memory Usage (444172K) : metal5_pin has 8 polygons
2026-06-02 16:12:14 +0200: Memory Usage (444300K) : metal5_mask has 0 polygons
2026-06-02 16:12:14 +0200: Memory Usage (444300K) : metal5_nofill has 0 polygons
2026-06-02 16:12:14 +0200: Memory Usage (444428K) : metal5_text has 8 polygons
2026-06-02 16:12:14 +0200: Memory Usage (444428K) : metal5_OPC has 0 polygons
2026-06-02 16:12:14 +0200: Memory Usage (444556K) : metal5_noqrc has 0 polygons
2026-06-02 16:12:14 +0200: Memory Usage (444556K) : metal5_res has 0 polygons
2026-06-02 16:12:14 +0200: Memory Usage (444684K) : metal5_iprobe has 0 polygons
2026-06-02 16:12:14 +0200: Memory Usage (444684K) : metal5_diffprb has 0 polygons
2026-06-02 16:12:14 +0200: Memory Usage (444812K) : radhard_drw has 0 polygons
2026-06-02 16:12:14 +0200: Memory Usage (444812K) : memcap_drw has 0 polygons
2026-06-02 16:12:14 +0200: Memory Usage (444940K) : varicap_drw has 0 polygons
2026-06-02 16:12:14 +0200: Memory Usage (444940K) : intbondvia_drw has 0 polygons
2026-06-02 16:12:14 +0200: Memory Usage (445068K) : intbondmet_drw has 0 polygons
2026-06-02 16:12:14 +0200: Memory Usage (445068K) : devbondvia_drw has 0 polygons
2026-06-02 16:12:14 +0200: Memory Usage (445196K) : devbondmet_drw has 0 polygons
2026-06-02 16:12:14 +0200: Memory Usage (445196K) : devtrench_drw has 0 polygons
2026-06-02 16:12:14 +0200: Memory Usage (445324K) : redist_drw has 0 polygons
2026-06-02 16:12:14 +0200: Memory Usage (445324K) : graphbot_drw has 0 polygons
2026-06-02 16:12:14 +0200: Memory Usage (445452K) : graphtop_drw has 0 polygons
2026-06-02 16:12:14 +0200: Memory Usage (445452K) : antvia1_drw has 0 polygons
2026-06-02 16:12:14 +0200: Memory Usage (445580K) : antmetal2_drw has 0 polygons
2026-06-02 16:12:14 +0200: Memory Usage (445580K) : graphcont_drw has 0 polygons
2026-06-02 16:12:14 +0200: Memory Usage (445708K) : siwg_drw has 0 polygons
2026-06-02 16:12:14 +0200: Memory Usage (445708K) : siwg_filler has 0 polygons
2026-06-02 16:12:14 +0200: Memory Usage (445836K) : siwg_nofill has 0 polygons
2026-06-02 16:12:14 +0200: Memory Usage (445836K) : sigrating_drw has 0 polygons
2026-06-02 16:12:14 +0200: Memory Usage (445964K) : singrating_drw has 0 polygons
2026-06-02 16:12:14 +0200: Memory Usage (445964K) : graphpas_drw has 0 polygons
2026-06-02 16:12:14 +0200: Memory Usage (446092K) : emwind3_drw has 0 polygons
2026-06-02 16:12:14 +0200: Memory Usage (446092K) : emwihv3_drw has 0 polygons
2026-06-02 16:12:14 +0200: Memory Usage (446220K) : redbulay_drw has 0 polygons
2026-06-02 16:12:14 +0200: Memory Usage (446220K) : smos_drw has 0 polygons
2026-06-02 16:12:14 +0200: Memory Usage (446348K) : graphpad_drw has 0 polygons
2026-06-02 16:12:14 +0200: Memory Usage (446348K) : polimide_drw has 0 polygons
2026-06-02 16:12:14 +0200: Memory Usage (446476K) : polimide_pin has 0 polygons
2026-06-02 16:12:14 +0200: Memory Usage (446476K) : recog_drw has 0 polygons
2026-06-02 16:12:14 +0200: Memory Usage (446604K) : recog_pin has 0 polygons
2026-06-02 16:12:14 +0200: Memory Usage (446732K) : recog_esd has 0 polygons
2026-06-02 16:12:14 +0200: Memory Usage (446732K) : recog_diode has 9 polygons
2026-06-02 16:12:14 +0200: Memory Usage (446860K) : recog_tsv has 0 polygons
2026-06-02 16:12:14 +0200: Memory Usage (446860K) : recog_iprobe has 0 polygons
2026-06-02 16:12:14 +0200: Memory Usage (446988K) : recog_diffprb has 0 polygons
2026-06-02 16:12:14 +0200: Memory Usage (446988K) : recog_pillar has 0 polygons
2026-06-02 16:12:14 +0200: Memory Usage (447116K) : recog_sbump has 0 polygons
2026-06-02 16:12:14 +0200: Memory Usage (447116K) : recog_otp has 0 polygons
2026-06-02 16:12:14 +0200: Memory Usage (447244K) : recog_pdiode has 0 polygons
2026-06-02 16:12:14 +0200: Memory Usage (447244K) : recog_mom has 0 polygons
2026-06-02 16:12:14 +0200: Memory Usage (447372K) : recog_pcm has 0 polygons
2026-06-02 16:12:14 +0200: Memory Usage (447372K) : colopen_drw has 0 polygons
2026-06-02 16:12:14 +0200: Memory Usage (447372K) : graphmetal1_drw has 0 polygons
2026-06-02 16:12:14 +0200: Memory Usage (447372K) : graphmetal1_filler has 0 polygons
2026-06-02 16:12:14 +0200: Memory Usage (447372K) : graphmetal1_nofill has 0 polygons
2026-06-02 16:12:14 +0200: Memory Usage (447372K) : graphmetal1_slit has 0 polygons
2026-06-02 16:12:14 +0200: Memory Usage (447500K) : graphmetal1_OPC has 0 polygons
2026-06-02 16:12:14 +0200: Memory Usage (447500K) : graphmet1l_drw has 0 polygons
2026-06-02 16:12:14 +0200: Memory Usage (447628K) : graphmet1l_filler has 0 polygons
2026-06-02 16:12:14 +0200: Memory Usage (447628K) : graphmet1l_nofill has 0 polygons
2026-06-02 16:12:14 +0200: Memory Usage (447756K) : graphmet1l_slit has 0 polygons
2026-06-02 16:12:14 +0200: Memory Usage (447756K) : graphmet1l_OPC has 0 polygons
2026-06-02 16:12:14 +0200: Memory Usage (447884K) : extblock_drw has 9 polygons
2026-06-02 16:12:14 +0200: Memory Usage (447884K) : nldd_drw has 0 polygons
2026-06-02 16:12:14 +0200: Memory Usage (448012K) : pldd_drw has 0 polygons
2026-06-02 16:12:14 +0200: Memory Usage (448012K) : next_drw has 0 polygons
2026-06-02 16:12:14 +0200: Memory Usage (448140K) : pext_drw has 0 polygons
2026-06-02 16:12:14 +0200: Memory Usage (448140K) : nexthv_drw has 0 polygons
2026-06-02 16:12:14 +0200: Memory Usage (448268K) : pexthv_drw has 0 polygons
2026-06-02 16:12:14 +0200: Memory Usage (448268K) : graphgate_drw has 0 polygons
2026-06-02 16:12:14 +0200: Memory Usage (448396K) : sinwg_drw has 0 polygons
2026-06-02 16:12:14 +0200: Memory Usage (448524K) : sinwg_filler has 0 polygons
2026-06-02 16:12:14 +0200: Memory Usage (448524K) : sinwg_nofill has 0 polygons
2026-06-02 16:12:14 +0200: Memory Usage (448652K) : mempad_drw has 0 polygons
2026-06-02 16:12:14 +0200: Memory Usage (448652K) : topvia1_drw has 2315 polygons
2026-06-02 16:12:14 +0200: Memory Usage (448780K) : topmetal1_drw has 8 polygons
2026-06-02 16:12:14 +0200: Memory Usage (448908K) : topmetal1_filler has 0 polygons
2026-06-02 16:12:14 +0200: Memory Usage (448908K) : topmetal1_slit has 0 polygons
2026-06-02 16:12:14 +0200: Memory Usage (449036K) : topmetal1 has 8 polygons
2026-06-02 16:12:14 +0200: Memory Usage (449036K) : topmetal1_pin has 8 polygons
2026-06-02 16:12:14 +0200: Memory Usage (449164K) : topmetal1_mask has 0 polygons
2026-06-02 16:12:14 +0200: Memory Usage (449164K) : topmetal1_nofill has 0 polygons
2026-06-02 16:12:14 +0200: Memory Usage (449292K) : topmetal1_text has 8 polygons
2026-06-02 16:12:14 +0200: Memory Usage (449292K) : topmetal1_noqrc has 0 polygons
2026-06-02 16:12:14 +0200: Memory Usage (449420K) : topmetal1_res has 0 polygons
2026-06-02 16:12:14 +0200: Memory Usage (449420K) : topmetal1_iprobe has 0 polygons
2026-06-02 16:12:14 +0200: Memory Usage (449548K) : topmetal1_diffprb has 0 polygons
2026-06-02 16:12:14 +0200: Memory Usage (449548K) : inldpwl_drw has 0 polygons
2026-06-02 16:12:14 +0200: Memory Usage (449676K) : polyres_drw has 87 polygons
2026-06-02 16:12:14 +0200: Memory Usage (449676K) : polyres_pin has 0 polygons
2026-06-02 16:12:14 +0200: Memory Usage (449804K) : vmim_drw has 0 polygons
2026-06-02 16:12:14 +0200: Memory Usage (449804K) : nbulaycut_drw has 0 polygons
2026-06-02 16:12:14 +0200: Memory Usage (449932K) : antmetal1_drw has 0 polygons
2026-06-02 16:12:14 +0200: Memory Usage (449932K) : topvia2_drw has 1593 polygons
2026-06-02 16:12:14 +0200: Memory Usage (450060K) : topmetal2_drw has 6 polygons
2026-06-02 16:12:14 +0200: Memory Usage (450188K) : topmetal2_filler has 0 polygons
2026-06-02 16:12:14 +0200: Memory Usage (450188K) : topmetal2_slit has 0 polygons
2026-06-02 16:12:14 +0200: Memory Usage (450316K) : topmetal2 has 6 polygons
2026-06-02 16:12:14 +0200: Memory Usage (450444K) : topmetal2_pin has 6 polygons
2026-06-02 16:12:14 +0200: Memory Usage (450444K) : topmetal2_mask has 0 polygons
2026-06-02 16:12:14 +0200: Memory Usage (450572K) : topmetal2_nofill has 0 polygons
2026-06-02 16:12:14 +0200: Memory Usage (450572K) : topmetal2_text has 6 polygons
2026-06-02 16:12:14 +0200: Memory Usage (450700K) : topmetal2_noqrc has 0 polygons
2026-06-02 16:12:14 +0200: Memory Usage (450700K) : topmetal2_res has 0 polygons
2026-06-02 16:12:14 +0200: Memory Usage (450828K) : topmetal2_iprobe has 0 polygons
2026-06-02 16:12:14 +0200: Memory Usage (450828K) : topmetal2_diffprb has 0 polygons
2026-06-02 16:12:14 +0200: Memory Usage (450956K) : snsring_drw has 0 polygons
2026-06-02 16:12:14 +0200: Memory Usage (450956K) : sensor_drw has 0 polygons
2026-06-02 16:12:14 +0200: Memory Usage (451084K) : snsarms_drw has 0 polygons
2026-06-02 16:12:14 +0200: Memory Usage (451084K) : snscmosvia_drw has 0 polygons
2026-06-02 16:12:14 +0200: Memory Usage (451212K) : colwind_drw has 0 polygons
2026-06-02 16:12:14 +0200: Memory Usage (451212K) : flm_drw has 0 polygons
2026-06-02 16:12:14 +0200: Memory Usage (451340K) : hafniumox_drw has 0 polygons
2026-06-02 16:12:14 +0200: Memory Usage (451340K) : memvia_drw has 0 polygons
2026-06-02 16:12:14 +0200: Memory Usage (451468K) : thinfilmres_drw has 0 polygons
2026-06-02 16:12:14 +0200: Memory Usage (451468K) : rfmem_drw has 0 polygons
2026-06-02 16:12:14 +0200: Memory Usage (451596K) : norcx_drw has 0 polygons
2026-06-02 16:12:14 +0200: Memory Usage (451596K) : norcx_m2m3 has 0 polygons
2026-06-02 16:12:14 +0200: Memory Usage (451724K) : norcx_m2m4 has 0 polygons
2026-06-02 16:12:14 +0200: Memory Usage (451724K) : norcx_m2m5 has 0 polygons
2026-06-02 16:12:14 +0200: Memory Usage (451852K) : norcx_m2tm1 has 0 polygons
2026-06-02 16:12:14 +0200: Memory Usage (451852K) : norcx_m2tm2 has 0 polygons
2026-06-02 16:12:14 +0200: Memory Usage (451980K) : norcx_m3m4 has 0 polygons
2026-06-02 16:12:14 +0200: Memory Usage (451980K) : norcx_m3m5 has 0 polygons
2026-06-02 16:12:14 +0200: Memory Usage (452108K) : norcx_m3tm1 has 0 polygons
2026-06-02 16:12:14 +0200: Memory Usage (452236K) : norcx_m3tm2 has 0 polygons
2026-06-02 16:12:14 +0200: Memory Usage (452236K) : norcx_m4m5 has 0 polygons
2026-06-02 16:12:14 +0200: Memory Usage (452364K) : norcx_m4tm1 has 0 polygons
2026-06-02 16:12:14 +0200: Memory Usage (452364K) : norcx_m4tm2 has 0 polygons
2026-06-02 16:12:14 +0200: Memory Usage (452364K) : norcx_m5tm1 has 0 polygons
2026-06-02 16:12:14 +0200: Memory Usage (452492K) : norcx_m5tm2 has 0 polygons
2026-06-02 16:12:14 +0200: Memory Usage (452492K) : norcx_tm1tm2 has 0 polygons
2026-06-02 16:12:14 +0200: Memory Usage (452620K) : norcx_m1sub has 0 polygons
2026-06-02 16:12:14 +0200: Memory Usage (452620K) : norcx_m2sub has 0 polygons
2026-06-02 16:12:14 +0200: Memory Usage (452748K) : norcx_m3sub has 0 polygons
2026-06-02 16:12:14 +0200: Memory Usage (452748K) : norcx_m4sub has 0 polygons
2026-06-02 16:12:14 +0200: Memory Usage (452876K) : norcx_m5sub has 0 polygons
2026-06-02 16:12:14 +0200: Memory Usage (452876K) : norcx_tm1sub has 0 polygons
2026-06-02 16:12:14 +0200: Memory Usage (453004K) : norcx_tm2sub has 0 polygons
2026-06-02 16:12:14 +0200: Memory Usage (453004K) : snsbotvia_drw has 0 polygons
2026-06-02 16:12:14 +0200: Memory Usage (453132K) : snstopvia_drw has 0 polygons
2026-06-02 16:12:14 +0200: Memory Usage (453132K) : deepvia_drw has 0 polygons
2026-06-02 16:12:14 +0200: Memory Usage (453260K) : fgetch_drw has 0 polygons
2026-06-02 16:12:14 +0200: Memory Usage (453260K) : ctrgat_drw has 0 polygons
2026-06-02 16:12:14 +0200: Memory Usage (453388K) : fgimp_drw has 0 polygons
2026-06-02 16:12:14 +0200: Memory Usage (453388K) : emwihv_drw has 0 polygons
2026-06-02 16:12:14 +0200: Memory Usage (453516K) : lbe_drw has 0 polygons
2026-06-02 16:12:14 +0200: Memory Usage (453516K) : alcustop_drw has 0 polygons
2026-06-02 16:12:14 +0200: Memory Usage (453644K) : nometfiller_drw has 0 polygons
2026-06-02 16:12:14 +0200: Memory Usage (453772K) : prboundary_drw has 0 polygons
2026-06-02 16:12:14 +0200: Memory Usage (453772K) : exchange0_drw has 0 polygons
2026-06-02 16:12:14 +0200: Memory Usage (453900K) : exchange0_pin has 0 polygons
2026-06-02 16:12:14 +0200: Memory Usage (453900K) : exchange0_text has 0 polygons
2026-06-02 16:12:14 +0200: Memory Usage (454028K) : exchange1_drw has 0 polygons
2026-06-02 16:12:14 +0200: Memory Usage (454028K) : exchange1_pin has 0 polygons
2026-06-02 16:12:14 +0200: Memory Usage (454156K) : exchange1_text has 0 polygons
2026-06-02 16:12:14 +0200: Memory Usage (454156K) : exchange2_drw has 0 polygons
2026-06-02 16:12:14 +0200: Memory Usage (454284K) : exchange2_pin has 0 polygons
2026-06-02 16:12:14 +0200: Memory Usage (454284K) : exchange2_text has 0 polygons
2026-06-02 16:12:14 +0200: Memory Usage (454412K) : exchange3_drw has 0 polygons
2026-06-02 16:12:14 +0200: Memory Usage (454412K) : exchange3_pin has 0 polygons
2026-06-02 16:12:14 +0200: Memory Usage (454540K) : exchange3_text has 0 polygons
2026-06-02 16:12:14 +0200: Memory Usage (454540K) : exchange4_drw has 0 polygons
2026-06-02 16:12:14 +0200: Memory Usage (454668K) : exchange4_pin has 0 polygons
2026-06-02 16:12:14 +0200: Memory Usage (454668K) : exchange4_text has 0 polygons
2026-06-02 16:12:14 +0200: Memory Usage (454668K) : isonwell_drw has 0 polygons
2026-06-02 16:12:14 +0200: Memory Usage (454668K) : Total no. of polygons in the design is 61684
2026-06-02 16:12:14 +0200: Memory Usage (454668K) : Starting base layers derivations
2026-06-02 16:12:14 +0200: Memory Usage (454668K) : Starting general LVS derivations
2026-06-02 16:12:14 +0200: Memory Usage (462368K) : Starting MOSFET DERIVATIONS
2026-06-02 16:12:14 +0200: Memory Usage (474896K) : Starting NMOS DERIVATIONS
2026-06-02 16:12:14 +0200: Memory Usage (475152K) : Starting PMOS DERIVATIONS
2026-06-02 16:12:14 +0200: Memory Usage (475408K) : Starting RF-MOSFET DERIVATIONS
2026-06-02 16:12:14 +0200: Memory Usage (475408K) : Starting RF-NMOS DERIVATIONS
2026-06-02 16:12:14 +0200: Memory Usage (475664K) : Starting RF-PMOS DERIVATIONS
2026-06-02 16:12:14 +0200: Memory Usage (475920K) : Starting BJT DERIVATIONS
2026-06-02 16:12:14 +0200: Memory Usage (475920K) : Starting NPN-BJT DERIVATIONS
2026-06-02 16:12:14 +0200: Memory Usage (478864K) : Starting PNP-BJT DERIVATIONS
2026-06-02 16:12:14 +0200: Memory Usage (478864K) : Starting DIODE DERIVATIONS
2026-06-02 16:12:15 +0200: Memory Usage (474760K) : Starting RESISTOR DERIVATIONS
2026-06-02 16:12:15 +0200: Memory Usage (474948K) : Starting CAP DERIVATIONS
2026-06-02 16:12:15 +0200: Memory Usage (474948K) : Starting ESD DERIVATIONS
2026-06-02 16:12:15 +0200: Memory Usage (474948K) : Starting Inductor DERIVATIONS
2026-06-02 16:12:15 +0200: Memory Usage (474948K) : Starting Taps DERIVATIONS
2026-06-02 16:12:15 +0200: Memory Usage (474948K) : Starting SG13G2 LVS connectivity setup
2026-06-02 16:12:15 +0200: Memory Usage (474948K) : Starting SG13G2 LVS connectivity setup (Inter-layer)
2026-06-02 16:12:15 +0200: Memory Usage (475076K) : Starting SG13G2 LVS connectivity setup (Global)
2026-06-02 16:12:15 +0200: Memory Usage (475076K) : Starting LVS MOSFET CONNECTIONS
2026-06-02 16:12:15 +0200: Memory Usage (475076K) : Starting LVS RF-MOSFET CONNECTIONS
2026-06-02 16:12:15 +0200: Memory Usage (475076K) : Starting LVS BJT CONNECTIONS
2026-06-02 16:12:15 +0200: Memory Usage (475076K) : Starting LVS DIODE CONNECTIONS
2026-06-02 16:12:15 +0200: Memory Usage (475076K) : Starting RESISTOR CONNECTIONS
2026-06-02 16:12:15 +0200: Memory Usage (475076K) : Starting LVS CAP CONNECTIONS
2026-06-02 16:12:15 +0200: Memory Usage (475076K) : Starting ESD CONNECTIONS
2026-06-02 16:12:15 +0200: Memory Usage (475076K) : Starting Inductor CONNECTIONS
2026-06-02 16:12:15 +0200: Memory Usage (475076K) : Starting LVS Taps CONNECTIONS
2026-06-02 16:12:15 +0200: Memory Usage (475076K) : Starting SG13G2 LVS DEVICES EXTRACTION
2026-06-02 16:12:15 +0200: Memory Usage (475076K) : Starting MOSFET EXTRACTION
2026-06-02 16:12:15 +0200: Memory Usage (475076K) : Starting NMOS EXTRACTION
2026-06-02 16:12:15 +0200: Memory Usage (475076K) : Extraction of NMOS-LV transistor
2026-06-02 16:12:15 +0200: Memory Usage (475076K) : Extraction of NMOS-HV transistor
2026-06-02 16:12:15 +0200: Memory Usage (475076K) : Starting PMOS EXTRACTION
2026-06-02 16:12:15 +0200: Memory Usage (475076K) : Extraction of PMOS-LV transistor
2026-06-02 16:12:15 +0200: Memory Usage (475076K) : Extraction of PMOS-HV transistor
2026-06-02 16:12:15 +0200: Memory Usage (475076K) : Starting RF-MOSFET EXTRACTION
2026-06-02 16:12:15 +0200: Memory Usage (475076K) : Extraction of RF-NMOS-LV transistor
2026-06-02 16:12:15 +0200: Memory Usage (475076K) : Extraction of RF-NMOS-HV transistor
2026-06-02 16:12:15 +0200: Memory Usage (475076K) : Extraction of RF-PMOS-LV transistor
2026-06-02 16:12:15 +0200: Memory Usage (475076K) : Extraction of RF-PMOS-HV transistor
2026-06-02 16:12:15 +0200: Memory Usage (475076K) : Starting BJT EXTRACTION
2026-06-02 16:12:15 +0200: Memory Usage (475076K) : Starting NPN-BJT EXTRACTION
2026-06-02 16:12:15 +0200: Memory Usage (475076K) : Extraction of npn13G2 BJT transistor
2026-06-02 16:12:15 +0200: Memory Usage (475076K) : Extraction of npn13G2L BJT transistor
2026-06-02 16:12:15 +0200: Memory Usage (475076K) : Extraction of npn13G2V BJT transistor
2026-06-02 16:12:15 +0200: Memory Usage (475076K) : Starting PNP-BJT EXTRACTION
2026-06-02 16:12:15 +0200: Memory Usage (475076K) : Extracting pnpMPA BJT
2026-06-02 16:12:15 +0200: Memory Usage (475076K) : Starting DIODE EXTRACTION
2026-06-02 16:12:15 +0200: Memory Usage (475076K) : Extracting dantenna diode
2026-06-02 16:12:15 +0200: Memory Usage (475076K) : Extracting dpantenna diode
2026-06-02 16:12:15 +0200: Memory Usage (475076K) : Extracting schottky_nbl1 diode
2026-06-02 16:12:15 +0200: Memory Usage (475076K) : Extracting isolbox diode
2026-06-02 16:12:15 +0200: Memory Usage (475076K) : Starting RESISTOR EXTRACTION
2026-06-02 16:12:15 +0200: Memory Usage (475076K) : Extracting rsil resistor
2026-06-02 16:12:15 +0200: Memory Usage (475076K) : Extracting rppd resistor
2026-06-02 16:12:15 +0200: Memory Usage (475204K) : Extracting rhigh resistor
2026-06-02 16:12:15 +0200: Memory Usage (475204K) : Extracting res_metal1 resistor
2026-06-02 16:12:15 +0200: Memory Usage (475364K) : Extracting res_metal2 resistor
2026-06-02 16:12:15 +0200: Memory Usage (475364K) : Extracting res_metal3 resistor
2026-06-02 16:12:15 +0200: Memory Usage (475364K) : Extracting res_metal4 resistor
2026-06-02 16:12:15 +0200: Memory Usage (475364K) : Extracting res_metal5 resistor
2026-06-02 16:12:15 +0200: Memory Usage (475364K) : Extracting res_topmetal1 resistor
2026-06-02 16:12:15 +0200: Memory Usage (475364K) : Extracting res_topmetal2 resistor
2026-06-02 16:12:15 +0200: Memory Usage (475364K) : Starting CAP EXTRACTION
2026-06-02 16:12:15 +0200: Memory Usage (475364K) : Extracting cap_cmim device
2026-06-02 16:12:15 +0200: Memory Usage (475364K) : Extracting rfcmim device
2026-06-02 16:12:15 +0200: Memory Usage (475364K) : Extracting sg13_hv_svaricap varactor
2026-06-02 16:12:15 +0200: Memory Usage (475364K) : Starting ESD EXTRACTION
2026-06-02 16:12:15 +0200: Memory Usage (475364K) : Extracting diodevdd_2kv ESD device
2026-06-02 16:12:15 +0200: Memory Usage (475364K) : Extracting diodevdd_4kv ESD device
2026-06-02 16:12:15 +0200: Memory Usage (475364K) : Extracting diodevss_2kv ESD device
2026-06-02 16:12:15 +0200: Memory Usage (475364K) : Extracting diodevss_4kv ESD device
2026-06-02 16:12:15 +0200: Memory Usage (475364K) : Extracting idiodevdd_2kv ESD device
2026-06-02 16:12:15 +0200: Memory Usage (475364K) : Extracting idiodevdd_4kv ESD device
2026-06-02 16:12:15 +0200: Memory Usage (475364K) : Extracting idiodevss_2kv ESD device
2026-06-02 16:12:15 +0200: Memory Usage (475364K) : Extracting idiodevss_4kv ESD device
2026-06-02 16:12:15 +0200: Memory Usage (475364K) : Extracting nmoscl_2 ESD device
2026-06-02 16:12:15 +0200: Memory Usage (475364K) : Extracting nmoscl_4 ESD device
2026-06-02 16:12:15 +0200: Memory Usage (475364K) : Starting Inductor EXTRACTION
2026-06-02 16:12:15 +0200: Memory Usage (475364K) : Extracting Inductor2 device
2026-06-02 16:12:15 +0200: Memory Usage (475364K) : Extracting Inductor3 device
2026-06-02 16:12:15 +0200: Memory Usage (475364K) : Starting Taps EXTRACTION
2026-06-02 16:12:15 +0200: Memory Usage (475364K) : Extracting ntap1 device
2026-06-02 16:12:15 +0200: Memory Usage (475364K) : Extracting ptap1 device
2026-06-02 16:12:15 +0200: Memory Usage (475364K) : Starting SG13G2 LVS RF MOS Model Mapping
2026-06-02 16:12:15 +0200: Memory Usage (477156K) : [layout_netlist] Apply RF MOS model mapping and rfmode parameter.
2026-06-02 16:12:15 +0200: Memory Usage (477156K) : Starting SG13G2 LVS Options Preparations
2026-06-02 16:12:15 +0200: Memory Usage (477156K) : SG13G2 LVS flow: extraction -> alignment -> option preparation -> comparison.
2026-06-02 16:12:15 +0200: Memory Usage (477156K) : Starting SG13G2 LVS Alignment
2026-06-02 16:12:15 +0200: Memory Usage (477284K) : Starting SG13G2 LVS Simplification
2026-06-02 16:12:15 +0200: Memory Usage (477284K) : [layout_netlist] simplify: ENABLED
2026-06-02 16:12:15 +0200: Memory Usage (477284K) : [layout_netlist] make_top_level_pins: SKIPPED
2026-06-02 16:12:15 +0200: Memory Usage (477284K) : [layout_netlist] combine_devices: SKIPPED
2026-06-02 16:12:15 +0200: Memory Usage (477284K) : [layout_netlist] purge: SKIPPED
2026-06-02 16:12:15 +0200: Memory Usage (477284K) : [layout_netlist] purge_nets: SKIPPED
2026-06-02 16:12:15 +0200: Memory Usage (477284K) : [schematic_netlist] simplify: ENABLED
2026-06-02 16:12:15 +0200: Memory Usage (477284K) : [schematic_netlist] make_top_level_pins: SKIPPED
2026-06-02 16:12:15 +0200: Memory Usage (477284K) : [schematic_netlist] combine_devices: SKIPPED
2026-06-02 16:12:15 +0200: Memory Usage (477284K) : [schematic_netlist] purge: SKIPPED
2026-06-02 16:12:15 +0200: Memory Usage (477284K) : [schematic_netlist] purge_nets: SKIPPED
2026-06-02 16:12:15 +0200: Memory Usage (477284K) : Starting SG13G2 LVS Comparison
2026-06-02 16:12:15 +0200: Memory Usage (477284K) : ==========================================
2026-06-02 16:12:15 +0200: Memory Usage (477284K) : INFO : Congratulations! Netlists match.
2026-06-02 16:12:15 +0200: Memory Usage (477284K) : ==========================================
2026-06-02 16:12:15 +0200: Memory Usage (477284K) : LVS Total Run time 1.422390 seconds
